Archive member included to satisfy reference by file (symbol)

/opt/Atollic_TrueSTUDIO_for_STM32_x86_64_9.2.0/ARMTools/bin/../lib/gcc/arm-atollic-eabi/6.3.1/../../../../arm-atollic-eabi/lib/armv7e-m/fpu/libc_nano.a(lib_a-init.o)
                              startup/startup_stm32f413xx.o (__libc_init_array)
/opt/Atollic_TrueSTUDIO_for_STM32_x86_64_9.2.0/ARMTools/bin/../lib/gcc/arm-atollic-eabi/6.3.1/../../../../arm-atollic-eabi/lib/armv7e-m/fpu/libc_nano.a(lib_a-malloc.o)
                              Middlewares/ST/STM32_USB_Host_Library/Class/CDC/Src/usbh_cdc.o (malloc)
/opt/Atollic_TrueSTUDIO_for_STM32_x86_64_9.2.0/ARMTools/bin/../lib/gcc/arm-atollic-eabi/6.3.1/../../../../arm-atollic-eabi/lib/armv7e-m/fpu/libc_nano.a(lib_a-memset.o)
                              Src/main.o (memset)
/opt/Atollic_TrueSTUDIO_for_STM32_x86_64_9.2.0/ARMTools/bin/../lib/gcc/arm-atollic-eabi/6.3.1/../../../../arm-atollic-eabi/lib/armv7e-m/fpu/libc_nano.a(lib_a-nano-freer.o)
                              /opt/Atollic_TrueSTUDIO_for_STM32_x86_64_9.2.0/ARMTools/bin/../lib/gcc/arm-atollic-eabi/6.3.1/../../../../arm-atollic-eabi/lib/armv7e-m/fpu/libc_nano.a(lib_a-malloc.o) (_free_r)
/opt/Atollic_TrueSTUDIO_for_STM32_x86_64_9.2.0/ARMTools/bin/../lib/gcc/arm-atollic-eabi/6.3.1/../../../../arm-atollic-eabi/lib/armv7e-m/fpu/libc_nano.a(lib_a-nano-mallocr.o)
                              /opt/Atollic_TrueSTUDIO_for_STM32_x86_64_9.2.0/ARMTools/bin/../lib/gcc/arm-atollic-eabi/6.3.1/../../../../arm-atollic-eabi/lib/armv7e-m/fpu/libc_nano.a(lib_a-malloc.o) (_malloc_r)
/opt/Atollic_TrueSTUDIO_for_STM32_x86_64_9.2.0/ARMTools/bin/../lib/gcc/arm-atollic-eabi/6.3.1/../../../../arm-atollic-eabi/lib/armv7e-m/fpu/libc_nano.a(lib_a-puts.o)
                              Src/main.o (puts)
/opt/Atollic_TrueSTUDIO_for_STM32_x86_64_9.2.0/ARMTools/bin/../lib/gcc/arm-atollic-eabi/6.3.1/../../../../arm-atollic-eabi/lib/armv7e-m/fpu/libc_nano.a(lib_a-sbrkr.o)
                              /opt/Atollic_TrueSTUDIO_for_STM32_x86_64_9.2.0/ARMTools/bin/../lib/gcc/arm-atollic-eabi/6.3.1/../../../../arm-atollic-eabi/lib/armv7e-m/fpu/libc_nano.a(lib_a-nano-mallocr.o) (_sbrk_r)
/opt/Atollic_TrueSTUDIO_for_STM32_x86_64_9.2.0/ARMTools/bin/../lib/gcc/arm-atollic-eabi/6.3.1/../../../../arm-atollic-eabi/lib/armv7e-m/fpu/libc_nano.a(lib_a-sprintf.o)
                              Src/main.o (sprintf)
/opt/Atollic_TrueSTUDIO_for_STM32_x86_64_9.2.0/ARMTools/bin/../lib/gcc/arm-atollic-eabi/6.3.1/../../../../arm-atollic-eabi/lib/armv7e-m/fpu/libc_nano.a(lib_a-wbuf.o)
                              /opt/Atollic_TrueSTUDIO_for_STM32_x86_64_9.2.0/ARMTools/bin/../lib/gcc/arm-atollic-eabi/6.3.1/../../../../arm-atollic-eabi/lib/armv7e-m/fpu/libc_nano.a(lib_a-puts.o) (__swbuf_r)
/opt/Atollic_TrueSTUDIO_for_STM32_x86_64_9.2.0/ARMTools/bin/../lib/gcc/arm-atollic-eabi/6.3.1/../../../../arm-atollic-eabi/lib/armv7e-m/fpu/libc_nano.a(lib_a-wsetup.o)
                              /opt/Atollic_TrueSTUDIO_for_STM32_x86_64_9.2.0/ARMTools/bin/../lib/gcc/arm-atollic-eabi/6.3.1/../../../../arm-atollic-eabi/lib/armv7e-m/fpu/libc_nano.a(lib_a-puts.o) (__swsetup_r)
/opt/Atollic_TrueSTUDIO_for_STM32_x86_64_9.2.0/ARMTools/bin/../lib/gcc/arm-atollic-eabi/6.3.1/../../../../arm-atollic-eabi/lib/armv7e-m/fpu/libc_nano.a(lib_a-fflush.o)
                              /opt/Atollic_TrueSTUDIO_for_STM32_x86_64_9.2.0/ARMTools/bin/../lib/gcc/arm-atollic-eabi/6.3.1/../../../../arm-atollic-eabi/lib/armv7e-m/fpu/libc_nano.a(lib_a-wbuf.o) (_fflush_r)
/opt/Atollic_TrueSTUDIO_for_STM32_x86_64_9.2.0/ARMTools/bin/../lib/gcc/arm-atollic-eabi/6.3.1/../../../../arm-atollic-eabi/lib/armv7e-m/fpu/libc_nano.a(lib_a-findfp.o)
                              /opt/Atollic_TrueSTUDIO_for_STM32_x86_64_9.2.0/ARMTools/bin/../lib/gcc/arm-atollic-eabi/6.3.1/../../../../arm-atollic-eabi/lib/armv7e-m/fpu/libc_nano.a(lib_a-puts.o) (__sinit)
/opt/Atollic_TrueSTUDIO_for_STM32_x86_64_9.2.0/ARMTools/bin/../lib/gcc/arm-atollic-eabi/6.3.1/../../../../arm-atollic-eabi/lib/armv7e-m/fpu/libc_nano.a(lib_a-fwalk.o)
                              /opt/Atollic_TrueSTUDIO_for_STM32_x86_64_9.2.0/ARMTools/bin/../lib/gcc/arm-atollic-eabi/6.3.1/../../../../arm-atollic-eabi/lib/armv7e-m/fpu/libc_nano.a(lib_a-findfp.o) (_fwalk)
/opt/Atollic_TrueSTUDIO_for_STM32_x86_64_9.2.0/ARMTools/bin/../lib/gcc/arm-atollic-eabi/6.3.1/../../../../arm-atollic-eabi/lib/armv7e-m/fpu/libc_nano.a(lib_a-impure.o)
                              /opt/Atollic_TrueSTUDIO_for_STM32_x86_64_9.2.0/ARMTools/bin/../lib/gcc/arm-atollic-eabi/6.3.1/../../../../arm-atollic-eabi/lib/armv7e-m/fpu/libc_nano.a(lib_a-fflush.o) (_global_impure_ptr)
/opt/Atollic_TrueSTUDIO_for_STM32_x86_64_9.2.0/ARMTools/bin/../lib/gcc/arm-atollic-eabi/6.3.1/../../../../arm-atollic-eabi/lib/armv7e-m/fpu/libc_nano.a(lib_a-makebuf.o)
[...]
Memory Configuration

Name             Origin             Length             Attributes
RAM              0x0000000020000000 0x0000000000050000 xrw
FLASH            0x0000000008000000 0x0000000000180000 xr
*default*        0x0000000000000000 0xffffffffffffffff

Linker script and memory map

LOAD /opt/Atollic_TrueSTUDIO_for_STM32_x86_64_9.2.0/ARMTools/bin/../lib/gcc/arm-atollic-eabi/6.3.1/armv7e-m/fpu/crti.o
LOAD /opt/Atollic_TrueSTUDIO_for_STM32_x86_64_9.2.0/ARMTools/bin/../lib/gcc/arm-atollic-eabi/6.3.1/armv7e-m/fpu/crtbegin.o
LOAD Drivers/BSP/Components/hts221/hts221.o
LOAD Drivers/BSP/Components/hts221/hts221_reg.o
LOAD Drivers/BSP/Components/lps22hb/lps22hb.o
LOAD Drivers/BSP/Components/lps22hb/lps22hb_reg.o
LOAD Drivers/BSP/Components/lsm303agr/lsm303agr.o
LOAD Drivers/BSP/Components/lsm303agr/lsm303agr_reg.o
LOAD Drivers/BSP/Components/lsm6dsl/lsm6dsl.o
LOAD Drivers/BSP/Components/lsm6dsl/lsm6dsl_reg.o
LOAD Drivers/BSP/Components/st7789h2/st7789h2.o
LOAD Drivers/BSP/stm32f413h_discovery.o
LOAD Drivers/BSP/stm32f413h_discovery_lcd.o
LOAD Drivers/STM32F4xx_HAL_Driver/Src/stm32f4xx_hal.o
LOAD Drivers/STM32F4xx_HAL_Driver/Src/stm32f4xx_hal_adc.o
LOAD Drivers/STM32F4xx_HAL_Driver/Src/stm32f4xx_hal_adc_ex.o
LOAD Drivers/STM32F4xx_HAL_Driver/Src/stm32f4xx_hal_cortex.o
LOAD Drivers/STM32F4xx_HAL_Driver/Src/stm32f4xx_hal_dac.o
LOAD Drivers/STM32F4xx_HAL_Driver/Src/stm32f4xx_hal_dac_ex.o
LOAD Drivers/STM32F4xx_HAL_Driver/Src/stm32f4xx_hal_dfsdm.o
LOAD Drivers/STM32F4xx_HAL_Driver/Src/stm32f4xx_hal_dma.o
LOAD Drivers/STM32F4xx_HAL_Driver/Src/stm32f4xx_hal_dma_ex.o
LOAD Drivers/STM32F4xx_HAL_Driver/Src/stm32f4xx_hal_flash.o
LOAD Drivers/STM32F4xx_HAL_Driver/Src/stm32f4xx_hal_flash_ex.o
LOAD Drivers/STM32F4xx_HAL_Driver/Src/stm32f4xx_hal_flash_ramfunc.o
LOAD Drivers/STM32F4xx_HAL_Driver/Src/stm32f4xx_hal_fmpi2c.o
LOAD Drivers/STM32F4xx_HAL_Driver/Src/stm32f4xx_hal_fmpi2c_ex.o
LOAD Drivers/STM32F4xx_HAL_Driver/Src/stm32f4xx_hal_gpio.o
LOAD Drivers/STM32F4xx_HAL_Driver/Src/stm32f4xx_hal_hcd.o
LOAD Drivers/STM32F4xx_HAL_Driver/Src/stm32f4xx_hal_i2c.o
LOAD Drivers/STM32F4xx_HAL_Driver/Src/stm32f4xx_hal_i2c_ex.o
LOAD Drivers/STM32F4xx_HAL_Driver/Src/stm32f4xx_hal_pwr.o
LOAD Drivers/STM32F4xx_HAL_Driver/Src/stm32f4xx_hal_pwr_ex.o
LOAD Drivers/STM32F4xx_HAL_Driver/Src/stm32f4xx_hal_qspi.o
LOAD Drivers/STM32F4xx_HAL_Driver/Src/stm32f4xx_hal_rcc.o
LOAD Drivers/STM32F4xx_HAL_Driver/Src/stm32f4xx_hal_rcc_ex.o
LOAD Drivers/STM32F4xx_HAL_Driver/Src/stm32f4xx_hal_sd.o
LOAD Drivers/STM32F4xx_HAL_Driver/Src/stm32f4xx_hal_sram.o
LOAD Drivers/STM32F4xx_HAL_Driver/Src/stm32f4xx_hal_tim.o
LOAD Drivers/STM32F4xx_HAL_Driver/Src/stm32f4xx_hal_tim_ex.o
LOAD Drivers/STM32F4xx_HAL_Driver/Src/stm32f4xx_hal_uart.o
LOAD Drivers/STM32F4xx_HAL_Driver/Src/stm32f4xx_ll_fsmc.o
LOAD Drivers/STM32F4xx_HAL_Driver/Src/stm32f4xx_ll_sdmmc.o
LOAD Drivers/STM32F4xx_HAL_Driver/Src/stm32f4xx_ll_usb.o
LOAD Middlewares/ST/STM32_USB_Host_Library/Class/CDC/Src/usbh_cdc.o
LOAD Middlewares/ST/STM32_USB_Host_Library/Core/Src/usbh_core.o
LOAD Middlewares/ST/STM32_USB_Host_Library/Core/Src/usbh_ctlreq.o
LOAD Middlewares/ST/STM32_USB_Host_Library/Core/Src/usbh_ioreq.o
LOAD Middlewares/ST/STM32_USB_Host_Library/Core/Src/usbh_pipes.o
LOAD Src/32f413hdiscovery_bus.o
LOAD Src/app_mems-library.o
LOAD Src/bsp_env_sensors.o
LOAD Src/bsp_env_sensors_ex.o
LOAD Src/bsp_motion_sensors.o
LOAD Src/bsp_motion_sensors_ex.o
LOAD Src/main.o
LOAD Src/stm32f4xx_hal_msp.o
LOAD Src/stm32f4xx_it.o
LOAD Src/system_stm32f4xx.o
LOAD Src/usb_host.o
LOAD Src/usbh_conf.o
LOAD Src/usbh_platform.o
LOAD startup/startup_stm32f413xx.o
                0x0000000000000080                malloc_getpagesize_P = 0x80
START GROUP
LOAD /opt/Atollic_TrueSTUDIO_for_STM32_x86_64_9.2.0/ARMTools/bin/../lib/gcc/arm-atollic-eabi/6.3.1/../../../../arm-atollic-eabi/lib/armv7e-m/fpu/libc_nano.a
LOAD /opt/Atollic_TrueSTUDIO_for_STM32_x86_64_9.2.0/ARMTools/bin/../lib/gcc/arm-atollic-eabi/6.3.1/../../../../arm-atollic-eabi/lib/armv7e-m/fpu/libm.a
END GROUP
START GROUP
LOAD /opt/Atollic_TrueSTUDIO_for_STM32_x86_64_9.2.0/ARMTools/bin/../lib/gcc/arm-atollic-eabi/6.3.1/armv7e-m/fpu/libgcc.a
LOAD /opt/Atollic_TrueSTUDIO_for_STM32_x86_64_9.2.0/ARMTools/bin/../lib/gcc/arm-atollic-eabi/6.3.1/../../../../arm-atollic-eabi/lib/armv7e-m/fpu/libc_nano.a
END GROUP
START GROUP
LOAD /opt/Atollic_TrueSTUDIO_for_STM32_x86_64_9.2.0/ARMTools/bin/../lib/gcc/arm-atollic-eabi/6.3.1/armv7e-m/fpu/libgcc.a
LOAD /opt/Atollic_TrueSTUDIO_for_STM32_x86_64_9.2.0/ARMTools/bin/../lib/gcc/arm-atollic-eabi/6.3.1/../../../../arm-atollic-eabi/lib/armv7e-m/fpu/libc_nano.a
LOAD /opt/Atollic_TrueSTUDIO_for_STM32_x86_64_9.2.0/ARMTools/bin/../lib/gcc/arm-atollic-eabi/6.3.1/../../../../arm-atollic-eabi/lib/armv7e-m/fpu/libnosys.a
END GROUP
START GROUP
LOAD /opt/Atollic_TrueSTUDIO_for_STM32_x86_64_9.2.0/ARMTools/bin/../lib/gcc/arm-atollic-eabi/6.3.1/armv7e-m/fpu/libgcc.a
LOAD /opt/Atollic_TrueSTUDIO_for_STM32_x86_64_9.2.0/ARMTools/bin/../lib/gcc/arm-atollic-eabi/6.3.1/../../../../arm-atollic-eabi/lib/armv7e-m/fpu/libc_nano.a
LOAD /opt/Atollic_TrueSTUDIO_for_STM32_x86_64_9.2.0/ARMTools/bin/../lib/gcc/arm-atollic-eabi/6.3.1/../../../../arm-atollic-eabi/lib/armv7e-m/fpu/libnosys.a
END GROUP
LOAD /opt/Atollic_TrueSTUDIO_for_STM32_x86_64_9.2.0/ARMTools/bin/../lib/gcc/arm-atollic-eabi/6.3.1/armv7e-m/fpu/crtend.o
LOAD /opt/Atollic_TrueSTUDIO_for_STM32_x86_64_9.2.0/ARMTools/bin/../lib/gcc/arm-atollic-eabi/6.3.1/armv7e-m/fpu/crtn.o
                0x0000000020050000                _estack = 0x20050000
                0x0000000000000200                _Min_Heap_Size = 0x200
                0x0000000000000400                _Min_Stack_Size = 0x400

.isr_vector     0x0000000008000000      0x1d8
                0x0000000008000000                . = ALIGN (0x4)
 *(.isr_vector)
 .isr_vector    0x0000000008000000      0x1d8 startup/startup_stm32f413xx.o
                0x0000000008000000                g_pfnVectors
                0x00000000080001d8                . = ALIGN (0x4)

.text           0x00000000080001e0     0x9a48
                0x00000000080001e0                . = ALIGN (0x4)
 *(.text)
 .text          0x00000000080001e0       0x40 /opt/Atollic_TrueSTUDIO_for_STM32_x86_64_9.2.0/ARMTools/bin/../lib/gcc/arm-atollic-eabi/6.3.1/armv7e-m/fpu/crtbegin.o
 .text          0x0000000008000220       0xa0 /opt/Atollic_TrueSTUDIO_for_STM32_x86_64_9.2.0/ARMTools/bin/../lib/gcc/arm-atollic-eabi/6.3.1/../../../../arm-atollic-eabi/lib/armv7e-m/fpu/libc_nano.a(lib_a-memchr.o)
                0x0000000008000220                memchr
 .text          0x00000000080002c0      0x370 /opt/Atollic_TrueSTUDIO_for_STM32_x86_64_9.2.0/ARMTools/bin/../lib/gcc/arm-atollic-eabi/6.3.1/armv7e-m/fpu/libgcc.a(_arm_addsubdf3.o)
                0x00000000080002c0                __aeabi_drsub
                0x00000000080002c8                __aeabi_dsub
                0x00000000080002c8                __subdf3
                0x00000000080002cc                __adddf3
                0x00000000080002cc                __aeabi_dadd
                0x0000000008000544                __aeabi_ui2d
                0x0000000008000544                __floatunsidf
                0x0000000008000564                __floatsidf
                0x0000000008000564                __aeabi_i2d
                0x0000000008000588                __extendsfdf2
                0x0000000008000588                __aeabi_f2d
                0x00000000080005c4                __aeabi_ul2d
                0x00000000080005c4                __floatundidf
                0x00000000080005d4                __floatdidf
                0x00000000080005d4                __aeabi_l2d
 .text          0x0000000008000630      0x424 /opt/Atollic_TrueSTUDIO_for_STM32_x86_64_9.2.0/ARMTools/bin/../lib/gcc/arm-atollic-eabi/6.3.1/armv7e-m/fpu/libgcc.a(_arm_muldivdf3.o)
                0x0000000008000630                __aeabi_dmul
                0x0000000008000630                __muldf3
                0x0000000008000884                __aeabi_ddiv
                0x0000000008000884                __divdf3
 .text          0x0000000008000a54       0x50 /opt/Atollic_TrueSTUDIO_for_STM32_x86_64_9.2.0/ARMTools/bin/../lib/gcc/arm-atollic-eabi/6.3.1/armv7e-m/fpu/libgcc.a(_arm_fixdfsi.o)
                0x0000000008000a54                __fixdfsi
                0x0000000008000a54                __aeabi_d2iz
 .text          0x0000000008000aa4       0x30 /opt/Atollic_TrueSTUDIO_for_STM32_x86_64_9.2.0/ARMTools/bin/../lib/gcc/arm-atollic-eabi/6.3.1/armv7e-m/fpu/libgcc.a(_aeabi_uldivmod.o)
                0x0000000008000aa4                __aeabi_uldivmod
 .text          0x0000000008000ad4      0x2dc /opt/Atollic_TrueSTUDIO_for_STM32_x86_64_9.2.0/ARMTools/bin/../lib/gcc/arm-atollic-eabi/6.3.1/armv7e-m/fpu/libgcc.a(_udivmoddi4.o)
                0x0000000008000ad4                __udivmoddi4
 .text          0x0000000008000db0        0x4 /opt/Atollic_TrueSTUDIO_for_STM32_x86_64_9.2.0/ARMTools/bin/../lib/gcc/arm-atollic-eabi/6.3.1/armv7e-m/fpu/libgcc.a(_dvmd_tls.o)
                0x0000000008000db0                __aeabi_ldiv0
                0x0000000008000db0                __aeabi_idiv0
 *(.text*)
 .text.LSM303AGR_ACC_GetCapabilities
                0x0000000008000db4       0x24 Drivers/BSP/Components/lsm303agr/lsm303agr.o
                0x0000000008000db4                LSM303AGR_ACC_GetCapabilities
 .text.LSM303AGR_MAG_GetCapabilities
                0x0000000008000dd8       0x24 Drivers/BSP/Components/lsm303agr/lsm303agr.o
                0x0000000008000dd8                LSM303AGR_MAG_GetCapabilities
 .text.LSM303AGR_MAG_GetSensitivity
                0x0000000008000dfc        0xa Drivers/BSP/Components/lsm303agr/lsm303agr.o
                0x0000000008000dfc                LSM303AGR_MAG_GetSensitivity
 .text.LSM303AGR_MAG_GetFullScale
                0x0000000008000e06        0x8 Drivers/BSP/Components/lsm303agr/lsm303agr.o
                0x0000000008000e06                LSM303AGR_MAG_GetFullScale
 .text.LSM303AGR_MAG_SetFullScale
                0x0000000008000e0e        0x4 Drivers/BSP/Components/lsm303agr/lsm303agr.o
                0x0000000008000e0e                LSM303AGR_MAG_SetFullScale
 .text.LSM303AGR_ACC_Init
                0x0000000008000e12       0x4a Drivers/BSP/Components/lsm303agr/lsm303agr.o
                0x0000000008000e12                LSM303AGR_ACC_Init
 .text.LSM303AGR_ACC_SetFullScale
                0x0000000008000e5c       0x2a Drivers/BSP/Components/lsm303agr/lsm303agr.o
                0x0000000008000e5c                LSM303AGR_ACC_SetFullScale
 .text.LSM303AGR_ACC_ReadID
                0x0000000008000e86       0x12 Drivers/BSP/Components/lsm303agr/lsm303agr.o
                0x0000000008000e86                LSM303AGR_ACC_ReadID
 .text.LSM303AGR_ACC_GetOutputDataRate
                0x0000000008000e98       0xd0 Drivers/BSP/Components/lsm303agr/lsm303agr.o
                0x0000000008000e98                LSM303AGR_ACC_GetOutputDataRate
 .text.LSM303AGR_ACC_GetFullScale
                0x0000000008000f68       0x3a Drivers/BSP/Components/lsm303agr/lsm303agr.o
                0x0000000008000f68                LSM303AGR_ACC_GetFullScale
 *fill*         0x0000000008000fa2        0x2 
 .text.LSM303AGR_ACC_GetAxesRaw
                0x0000000008000fa4       0x5c Drivers/BSP/Components/lsm303agr/lsm303agr.o
                0x0000000008000fa4                LSM303AGR_ACC_GetAxesRaw
 .text.LSM303AGR_MAG_SetOutputDataRate
                0x0000000008001000       0x4c Drivers/BSP/Components/lsm303agr/lsm303agr.o
                0x0000000008001000                LSM303AGR_MAG_SetOutputDataRate
 .text.LSM303AGR_MAG_Init
                0x000000000800104c       0x44 Drivers/BSP/Components/lsm303agr/lsm303agr.o
                0x000000000800104c                LSM303AGR_MAG_Init
 .text.LSM303AGR_MAG_ReadID
                0x0000000008001090       0x12 Drivers/BSP/Components/lsm303agr/lsm303agr.o
                0x0000000008001090                LSM303AGR_MAG_ReadID
 *fill*         0x00000000080010a2        0x2 
 .text.LSM303AGR_MAG_GetOutputDataRate
                0x00000000080010a4       0x4c Drivers/BSP/Components/lsm303agr/lsm303agr.o
                0x00000000080010a4                LSM303AGR_MAG_GetOutputDataRate
 .text.LSM303AGR_MAG_GetAxesRaw
                0x00000000080010f0       0x2a Drivers/BSP/Components/lsm303agr/lsm303agr.o
                0x00000000080010f0                LSM303AGR_MAG_GetAxesRaw
 .text.LSM303AGR_MAG_GetAxes
                0x000000000800111a       0x64 Drivers/BSP/Components/lsm303agr/lsm303agr.o
                0x000000000800111a                LSM303AGR_MAG_GetAxes
 *fill*         0x000000000800117e        0x2 
 .text.LSM303AGR_ACC_SetOutputDataRate
                0x0000000008001180       0xfc Drivers/BSP/Components/lsm303agr/lsm303agr.o
                0x0000000008001180                LSM303AGR_ACC_SetOutputDataRate
 .text.ReadAccRegWrap
                0x000000000800127c       0x1c Drivers/BSP/Components/lsm303agr/lsm303agr.o
 .text.WriteAccRegWrap
                0x0000000008001298       0x1c Drivers/BSP/Components/lsm303agr/lsm303agr.o
 .text.ReadMagRegWrap
                0x00000000080012b4       0x1c Drivers/BSP/Components/lsm303agr/lsm303agr.o
 .text.WriteMagRegWrap
                0x00000000080012d0       0x1c Drivers/BSP/Components/lsm303agr/lsm303agr.o
 .text.LSM303AGR_ACC_Enable
                0x00000000080012ec       0x2a Drivers/BSP/Components/lsm303agr/lsm303agr.o
                0x00000000080012ec                LSM303AGR_ACC_Enable
 .text.LSM303AGR_ACC_Disable
                0x0000000008001316       0x32 Drivers/BSP/Components/lsm303agr/lsm303agr.o
                0x0000000008001316                LSM303AGR_ACC_Disable
 .text.LSM303AGR_ACC_DeInit
                0x0000000008001348       0x1a Drivers/BSP/Components/lsm303agr/lsm303agr.o
                0x0000000008001348                LSM303AGR_ACC_DeInit
 *fill*         0x0000000008001362        0x2 
 .text.LSM303AGR_ACC_GetSensitivity
                0x0000000008001364       0xd8 Drivers/BSP/Components/lsm303agr/lsm303agr.o
                0x0000000008001364                LSM303AGR_ACC_GetSensitivity
 .text.LSM303AGR_ACC_GetAxes
                0x000000000800143c       0x76 Drivers/BSP/Components/lsm303agr/lsm303agr.o
                0x000000000800143c                LSM303AGR_ACC_GetAxes
 .text.LSM303AGR_MAG_Enable
                0x00000000080014b2       0x28 Drivers/BSP/Components/lsm303agr/lsm303agr.o
                0x00000000080014b2                LSM303AGR_MAG_Enable
 .text.LSM303AGR_MAG_Disable
                0x00000000080014da       0x22 Drivers/BSP/Components/lsm303agr/lsm303agr.o
                0x00000000080014da                LSM303AGR_MAG_Disable
 .text.LSM303AGR_MAG_DeInit
                0x00000000080014fc       0x16 Drivers/BSP/Components/lsm303agr/lsm303agr.o
                0x00000000080014fc                LSM303AGR_MAG_DeInit
 .text.LSM303AGR_ACC_Write_Reg
                0x0000000008001512       0x1e Drivers/BSP/Components/lsm303agr/lsm303agr.o
                0x0000000008001512                LSM303AGR_ACC_Write_Reg
 .text.LSM303AGR_ACC_RegisterBusIO
                0x0000000008001530       0x64 Drivers/BSP/Components/lsm303agr/lsm303agr.o
                0x0000000008001530                LSM303AGR_ACC_RegisterBusIO
 .text.LSM303AGR_MAG_RegisterBusIO
                0x0000000008001594       0x64 Drivers/BSP/Components/lsm303agr/lsm303agr.o
                0x0000000008001594                LSM303AGR_MAG_RegisterBusIO
 .text.lsm303agr_read_reg
                0x00000000080015f8        0xe Drivers/BSP/Components/lsm303agr/lsm303agr_reg.o
                0x00000000080015f8                lsm303agr_read_reg
 .text.lsm303agr_write_reg
                0x0000000008001606        0xe Drivers/BSP/Components/lsm303agr/lsm303agr_reg.o
                0x0000000008001606                lsm303agr_write_reg
 .text.lsm303agr_xl_operating_mode_get
                0x0000000008001614       0x40 Drivers/BSP/Components/lsm303agr/lsm303agr_reg.o
                0x0000000008001614                lsm303agr_xl_operating_mode_get
 .text.lsm303agr_xl_data_rate_set
                0x0000000008001654       0x2c Drivers/BSP/Components/lsm303agr/lsm303agr_reg.o
                0x0000000008001654                lsm303agr_xl_data_rate_set
 .text.lsm303agr_xl_data_rate_get
                0x0000000008001680       0x1c Drivers/BSP/Components/lsm303agr/lsm303agr_reg.o
                0x0000000008001680                lsm303agr_xl_data_rate_get
 .text.lsm303agr_xl_full_scale_set
                0x000000000800169c       0x2c Drivers/BSP/Components/lsm303agr/lsm303agr_reg.o
                0x000000000800169c                lsm303agr_xl_full_scale_set
 .text.lsm303agr_xl_full_scale_get
                0x00000000080016c8       0x1c Drivers/BSP/Components/lsm303agr/lsm303agr_reg.o
                0x00000000080016c8                lsm303agr_xl_full_scale_get
 .text.lsm303agr_xl_block_data_update_set
                0x00000000080016e4       0x2c Drivers/BSP/Components/lsm303agr/lsm303agr_reg.o
                0x00000000080016e4                lsm303agr_xl_block_data_update_set
 .text.lsm303agr_acceleration_raw_get
                0x0000000008001710        0xa Drivers/BSP/Components/lsm303agr/lsm303agr_reg.o
                0x0000000008001710                lsm303agr_acceleration_raw_get
 .text.lsm303agr_mag_operating_mode_set
                0x000000000800171a       0x2c Drivers/BSP/Components/lsm303agr/lsm303agr_reg.o
                0x000000000800171a                lsm303agr_mag_operating_mode_set
 .text.lsm303agr_mag_data_rate_set
                0x0000000008001746       0x2c Drivers/BSP/Components/lsm303agr/lsm303agr_reg.o
                0x0000000008001746                lsm303agr_mag_data_rate_set
 .text.lsm303agr_mag_data_rate_get
                0x0000000008001772       0x1c Drivers/BSP/Components/lsm303agr/lsm303agr_reg.o
                0x0000000008001772                lsm303agr_mag_data_rate_get
 .text.lsm303agr_mag_block_data_update_set
                0x000000000800178e       0x2c Drivers/BSP/Components/lsm303agr/lsm303agr_reg.o
                0x000000000800178e                lsm303agr_mag_block_data_update_set
 .text.lsm303agr_magnetic_raw_get
                0x00000000080017ba        0xa Drivers/BSP/Components/lsm303agr/lsm303agr_reg.o
                0x00000000080017ba                lsm303agr_magnetic_raw_get
 .text.lsm303agr_xl_device_id_get
                0x00000000080017c4        0xa Drivers/BSP/Components/lsm303agr/lsm303agr_reg.o
                0x00000000080017c4                lsm303agr_xl_device_id_get
 .text.lsm303agr_mag_device_id_get
                0x00000000080017ce        0xa Drivers/BSP/Components/lsm303agr/lsm303agr_reg.o
                0x00000000080017ce                lsm303agr_mag_device_id_get
 .text.lsm303agr_mag_self_test_set
                0x00000000080017d8       0x2c Drivers/BSP/Components/lsm303agr/lsm303agr_reg.o
                0x00000000080017d8                lsm303agr_mag_self_test_set
 .text.lsm303agr_xl_fifo_mode_set
                0x0000000008001804       0x2c Drivers/BSP/Components/lsm303agr/lsm303agr_reg.o
                0x0000000008001804                lsm303agr_xl_fifo_mode_set
 .text.lsm303agr_mag_i2c_interface_set
                0x0000000008001830       0x2c Drivers/BSP/Components/lsm303agr/lsm303agr_reg.o
                0x0000000008001830                lsm303agr_mag_i2c_interface_set
 .text.LSM6DSL_GetCapabilities
                0x000000000800185c       0x28 Drivers/BSP/Components/lsm6dsl/lsm6dsl.o
                0x000000000800185c                LSM6DSL_GetCapabilities
 .text.ReadRegWrap
                0x0000000008001884        0xe Drivers/BSP/Components/lsm6dsl/lsm6dsl.o
 .text.WriteRegWrap
                0x0000000008001892        0xe Drivers/BSP/Components/lsm6dsl/lsm6dsl.o
 .text.LSM6DSL_ACC_SetFullScale
                0x00000000080018a0       0x2a Drivers/BSP/Components/lsm6dsl/lsm6dsl.o
                0x00000000080018a0                LSM6DSL_ACC_SetFullScale
 .text.LSM6DSL_Init
                0x00000000080018ca       0x72 Drivers/BSP/Components/lsm6dsl/lsm6dsl.o
                0x00000000080018ca                LSM6DSL_Init
 .text.LSM6DSL_GYRO_SetFullScale
                0x000000000800193c       0x36 Drivers/BSP/Components/lsm6dsl/lsm6dsl.o
                0x000000000800193c                LSM6DSL_GYRO_SetFullScale
 .text.LSM6DSL_ReadID
                0x0000000008001972       0x12 Drivers/BSP/Components/lsm6dsl/lsm6dsl.o
                0x0000000008001972                LSM6DSL_ReadID
 .text.LSM6DSL_ACC_GetOutputDataRate
                0x0000000008001984       0x90 Drivers/BSP/Components/lsm6dsl/lsm6dsl.o
                0x0000000008001984                LSM6DSL_ACC_GetOutputDataRate
 .text.LSM6DSL_ACC_GetSensitivity
                0x0000000008001a14       0x4c Drivers/BSP/Components/lsm6dsl/lsm6dsl.o
                0x0000000008001a14                LSM6DSL_ACC_GetSensitivity
 .text.LSM6DSL_ACC_GetFullScale
                0x0000000008001a60       0x3a Drivers/BSP/Components/lsm6dsl/lsm6dsl.o
                0x0000000008001a60                LSM6DSL_ACC_GetFullScale
 .text.LSM6DSL_ACC_GetAxesRaw
                0x0000000008001a9a       0x2a Drivers/BSP/Components/lsm6dsl/lsm6dsl.o
                0x0000000008001a9a                LSM6DSL_ACC_GetAxesRaw
 .text.LSM6DSL_ACC_GetAxes
                0x0000000008001ac4       0x78 Drivers/BSP/Components/lsm6dsl/lsm6dsl.o
                0x0000000008001ac4                LSM6DSL_ACC_GetAxes
 .text.LSM6DSL_GYRO_GetOutputDataRate
                0x0000000008001b3c       0x88 Drivers/BSP/Components/lsm6dsl/lsm6dsl.o
                0x0000000008001b3c                LSM6DSL_GYRO_GetOutputDataRate
 .text.LSM6DSL_GYRO_GetSensitivity
                0x0000000008001bc4       0x58 Drivers/BSP/Components/lsm6dsl/lsm6dsl.o
                0x0000000008001bc4                LSM6DSL_GYRO_GetSensitivity
 .text.LSM6DSL_GYRO_GetFullScale
                0x0000000008001c1c       0x48 Drivers/BSP/Components/lsm6dsl/lsm6dsl.o
                0x0000000008001c1c                LSM6DSL_GYRO_GetFullScale
 .text.LSM6DSL_GYRO_GetAxesRaw
                0x0000000008001c64       0x2a Drivers/BSP/Components/lsm6dsl/lsm6dsl.o
                0x0000000008001c64                LSM6DSL_GYRO_GetAxesRaw
 .text.LSM6DSL_GYRO_GetAxes
                0x0000000008001c8e       0x74 Drivers/BSP/Components/lsm6dsl/lsm6dsl.o
                0x0000000008001c8e                LSM6DSL_GYRO_GetAxes
 *fill*         0x0000000008001d02        0x2 
 .text.LSM6DSL_ACC_SetOutputDataRate
                0x0000000008001d04      0x178 Drivers/BSP/Components/lsm6dsl/lsm6dsl.o
                0x0000000008001d04                LSM6DSL_ACC_SetOutputDataRate
 .text.LSM6DSL_GYRO_SetOutputDataRate
                0x0000000008001e7c      0x178 Drivers/BSP/Components/lsm6dsl/lsm6dsl.o
                0x0000000008001e7c                LSM6DSL_GYRO_SetOutputDataRate
 .text.LSM6DSL_ACC_Enable
                0x0000000008001ff4       0x2a Drivers/BSP/Components/lsm6dsl/lsm6dsl.o
                0x0000000008001ff4                LSM6DSL_ACC_Enable
 .text.LSM6DSL_GYRO_Enable
                0x000000000800201e       0x2a Drivers/BSP/Components/lsm6dsl/lsm6dsl.o
                0x000000000800201e                LSM6DSL_GYRO_Enable
 .text.LSM6DSL_ACC_Disable
                0x0000000008002048       0x32 Drivers/BSP/Components/lsm6dsl/lsm6dsl.o
                0x0000000008002048                LSM6DSL_ACC_Disable
 .text.LSM6DSL_GYRO_Disable
                0x000000000800207a       0x32 Drivers/BSP/Components/lsm6dsl/lsm6dsl.o
                0x000000000800207a                LSM6DSL_GYRO_Disable
 .text.LSM6DSL_DeInit
                0x00000000080020ac       0x28 Drivers/BSP/Components/lsm6dsl/lsm6dsl.o
                0x00000000080020ac                LSM6DSL_DeInit
 .text.LSM6DSL_Write_Reg
                0x00000000080020d4       0x1e Drivers/BSP/Components/lsm6dsl/lsm6dsl.o
                0x00000000080020d4                LSM6DSL_Write_Reg
 *fill*         0x00000000080020f2        0x2 
 .text.LSM6DSL_RegisterBusIO
                0x00000000080020f4       0x64 Drivers/BSP/Components/lsm6dsl/lsm6dsl.o
                0x00000000080020f4                LSM6DSL_RegisterBusIO
 .text.lsm6dsl_read_reg
                0x0000000008002158        0xe Drivers/BSP/Components/lsm6dsl/lsm6dsl_reg.o
                0x0000000008002158                lsm6dsl_read_reg
 .text.lsm6dsl_write_reg
                0x0000000008002166        0xe Drivers/BSP/Components/lsm6dsl/lsm6dsl_reg.o
                0x0000000008002166                lsm6dsl_write_reg
 .text.lsm6dsl_xl_full_scale_set
                0x0000000008002174       0x2e Drivers/BSP/Components/lsm6dsl/lsm6dsl_reg.o
                0x0000000008002174                lsm6dsl_xl_full_scale_set
 .text.lsm6dsl_xl_full_scale_get
                0x00000000080021a2       0x3a Drivers/BSP/Components/lsm6dsl/lsm6dsl_reg.o
                0x00000000080021a2                lsm6dsl_xl_full_scale_get
 .text.lsm6dsl_xl_data_rate_set
                0x00000000080021dc       0x2e Drivers/BSP/Components/lsm6dsl/lsm6dsl_reg.o
                0x00000000080021dc                lsm6dsl_xl_data_rate_set
 .text.lsm6dsl_xl_data_rate_get
                0x000000000800220a       0x60 Drivers/BSP/Components/lsm6dsl/lsm6dsl_reg.o
                0x000000000800220a                lsm6dsl_xl_data_rate_get
 .text.lsm6dsl_gy_full_scale_set
                0x000000000800226a       0x2e Drivers/BSP/Components/lsm6dsl/lsm6dsl_reg.o
                0x000000000800226a                lsm6dsl_gy_full_scale_set
 .text.lsm6dsl_gy_full_scale_get
                0x0000000008002298       0x42 Drivers/BSP/Components/lsm6dsl/lsm6dsl_reg.o
                0x0000000008002298                lsm6dsl_gy_full_scale_get
 .text.lsm6dsl_gy_data_rate_set
                0x00000000080022da       0x2e Drivers/BSP/Components/lsm6dsl/lsm6dsl_reg.o
                0x00000000080022da                lsm6dsl_gy_data_rate_set
 .text.lsm6dsl_gy_data_rate_get
                0x0000000008002308       0x5c Drivers/BSP/Components/lsm6dsl/lsm6dsl_reg.o
                0x0000000008002308                lsm6dsl_gy_data_rate_get
 .text.lsm6dsl_block_data_update_set
                0x0000000008002364       0x2e Drivers/BSP/Components/lsm6dsl/lsm6dsl_reg.o
                0x0000000008002364                lsm6dsl_block_data_update_set
 .text.lsm6dsl_angular_rate_raw_get
                0x0000000008002392        0xa Drivers/BSP/Components/lsm6dsl/lsm6dsl_reg.o
                0x0000000008002392                lsm6dsl_angular_rate_raw_get
 .text.lsm6dsl_acceleration_raw_get
                0x000000000800239c        0xa Drivers/BSP/Components/lsm6dsl/lsm6dsl_reg.o
                0x000000000800239c                lsm6dsl_acceleration_raw_get
 .text.lsm6dsl_device_id_get
                0x00000000080023a6        0xa Drivers/BSP/Components/lsm6dsl/lsm6dsl_reg.o
                0x00000000080023a6                lsm6dsl_device_id_get
 .text.lsm6dsl_auto_increment_set
                0x00000000080023b0       0x2e Drivers/BSP/Components/lsm6dsl/lsm6dsl_reg.o
                0x00000000080023b0                lsm6dsl_auto_increment_set
 .text.lsm6dsl_fifo_mode_set
                0x00000000080023de       0x2e Drivers/BSP/Components/lsm6dsl/lsm6dsl_reg.o
                0x00000000080023de                lsm6dsl_fifo_mode_set
 .text.ST7789H2_GetLcdPixelHeight
                0x000000000800240c        0x4 Drivers/BSP/Components/st7789h2/st7789h2.o
                0x000000000800240c                ST7789H2_GetLcdPixelHeight
 .text.ST7789H2_SetDisplayWindow
                0x0000000008002410       0x5c Drivers/BSP/Components/st7789h2/st7789h2.o
                0x0000000008002410                ST7789H2_SetDisplayWindow
 .text.ST7789H2_GetLcdPixelWidth
                0x000000000800246c        0x4 Drivers/BSP/Components/st7789h2/st7789h2.o
                0x000000000800246c                ST7789H2_GetLcdPixelWidth
 .text.ST7789H2_WriteReg
                0x0000000008002470       0x20 Drivers/BSP/Components/st7789h2/st7789h2.o
                0x0000000008002470                ST7789H2_WriteReg
 .text.ST7789H2_SetOrientation
                0x0000000008002490       0x64 Drivers/BSP/Components/st7789h2/st7789h2.o
                0x0000000008002490                ST7789H2_SetOrientation
 .text.ST7789H2_DisplayOn
                0x00000000080024f4       0x1a Drivers/BSP/Components/st7789h2/st7789h2.o
                0x00000000080024f4                ST7789H2_DisplayOn
 .text.ST7789H2_Init
                0x000000000800250e      0x208 Drivers/BSP/Components/st7789h2/st7789h2.o
                0x000000000800250e                ST7789H2_Init
 .text.ST7789H2_DisplayOff
                0x0000000008002716       0x28 Drivers/BSP/Components/st7789h2/st7789h2.o
                0x0000000008002716                ST7789H2_DisplayOff
 .text.ST7789H2_SetCursor
                0x000000000800273e       0x4a Drivers/BSP/Components/st7789h2/st7789h2.o
                0x000000000800273e                ST7789H2_SetCursor
 .text.ST7789H2_WritePixel
                0x0000000008002788       0x1c Drivers/BSP/Components/st7789h2/st7789h2.o
                0x0000000008002788                ST7789H2_WritePixel
 .text.ST7789H2_ReadPixel
                0x00000000080027a4       0x40 Drivers/BSP/Components/st7789h2/st7789h2.o
                0x00000000080027a4                ST7789H2_ReadPixel
 .text.ST7789H2_DrawHLine
                0x00000000080027e4       0x2a Drivers/BSP/Components/st7789h2/st7789h2.o
                0x00000000080027e4                ST7789H2_DrawHLine
 .text.ST7789H2_DrawVLine
                0x000000000800280e       0x36 Drivers/BSP/Components/st7789h2/st7789h2.o
                0x000000000800280e                ST7789H2_DrawVLine
 .text.ST7789H2_DrawRGBHLine
                0x0000000008002844       0x74 Drivers/BSP/Components/st7789h2/st7789h2.o
 .text.ST7789H2_DrawBitmap
                0x00000000080028b8       0x78 Drivers/BSP/Components/st7789h2/st7789h2.o
                0x00000000080028b8                ST7789H2_DrawBitmap
 .text.ST7789H2_DrawRGBImage
                0x0000000008002930       0x3a Drivers/BSP/Components/st7789h2/st7789h2.o
                0x0000000008002930                ST7789H2_DrawRGBImage
 .text.ST7789H2_ReadReg
                0x000000000800296a       0x12 Drivers/BSP/Components/st7789h2/st7789h2.o
                0x000000000800296a                ST7789H2_ReadReg
 .text.ST7789H2_ReadID
                0x000000000800297c        0xe Drivers/BSP/Components/st7789h2/st7789h2.o
                0x000000000800297c                ST7789H2_ReadID
 *fill*         0x000000000800298a        0x2 
 .text.BSP_LED_Init
                0x000000000800298c       0x6c Drivers/BSP/stm32f413h_discovery.o
                0x000000000800298c                BSP_LED_Init
 .text.BSP_LED_On
                0x00000000080029f8       0x1c Drivers/BSP/stm32f413h_discovery.o
                0x00000000080029f8                BSP_LED_On
 .text.BSP_LED_Off
                0x0000000008002a14       0x1c Drivers/BSP/stm32f413h_discovery.o
                0x0000000008002a14                BSP_LED_Off
 .text.LCD_IO_Init
                0x0000000008002a30      0x130 Drivers/BSP/stm32f413h_discovery.o
                0x0000000008002a30                LCD_IO_Init
 .text.LCD_IO_WriteData
                0x0000000008002b60        0xc Drivers/BSP/stm32f413h_discovery.o
                0x0000000008002b60                LCD_IO_WriteData
 .text.LCD_IO_WriteReg
                0x0000000008002b6c        0xc Drivers/BSP/stm32f413h_discovery.o
                0x0000000008002b6c                LCD_IO_WriteReg
 .text.LCD_IO_ReadData
                0x0000000008002b78        0xa Drivers/BSP/stm32f413h_discovery.o
                0x0000000008002b78                LCD_IO_ReadData
 .text.LCD_IO_Delay
                0x0000000008002b82        0x4 Drivers/BSP/stm32f413h_discovery.o
                0x0000000008002b82                LCD_IO_Delay
 *fill*         0x0000000008002b86        0x2 
 .text.BSP_LCD_GetXSize
                0x0000000008002b88       0x10 Drivers/BSP/stm32f413h_discovery_lcd.o
                0x0000000008002b88                BSP_LCD_GetXSize
 .text.BSP_LCD_GetYSize
                0x0000000008002b98       0x10 Drivers/BSP/stm32f413h_discovery_lcd.o
                0x0000000008002b98                BSP_LCD_GetYSize
 .text.BSP_LCD_SetTextColor
                0x0000000008002ba8        0xc Drivers/BSP/stm32f413h_discovery_lcd.o
                0x0000000008002ba8                BSP_LCD_SetTextColor
 .text.BSP_LCD_SetBackColor
                0x0000000008002bb4        0xc Drivers/BSP/stm32f413h_discovery_lcd.o
                0x0000000008002bb4                BSP_LCD_SetBackColor
 .text.BSP_LCD_SetFont
                0x0000000008002bc0        0xc Drivers/BSP/stm32f413h_discovery_lcd.o
                0x0000000008002bc0                BSP_LCD_SetFont
 .text.BSP_LCD_DrawPixel
                0x0000000008002bcc       0x10 Drivers/BSP/stm32f413h_discovery_lcd.o
                0x0000000008002bcc                BSP_LCD_DrawPixel
 .text.BSP_LCD_DisplayChar
                0x0000000008002bdc       0xa8 Drivers/BSP/stm32f413h_discovery_lcd.o
                0x0000000008002bdc                BSP_LCD_DisplayChar
 .text.BSP_LCD_DisplayStringAt
                0x0000000008002c84       0xa4 Drivers/BSP/stm32f413h_discovery_lcd.o
                0x0000000008002c84                BSP_LCD_DisplayStringAt
 .text.BSP_LCD_DrawHLine
                0x0000000008002d28       0x4c Drivers/BSP/stm32f413h_discovery_lcd.o
                0x0000000008002d28                BSP_LCD_DrawHLine
 .text.BSP_LCD_Clear
                0x0000000008002d74       0x30 Drivers/BSP/stm32f413h_discovery_lcd.o
                0x0000000008002d74                BSP_LCD_Clear
 .text.BSP_LCD_FillRect
                0x0000000008002da4       0x30 Drivers/BSP/stm32f413h_discovery_lcd.o
                0x0000000008002da4                BSP_LCD_FillRect
 .text.BSP_LCD_MspInit
                0x0000000008002dd4       0x8c Drivers/BSP/stm32f413h_discovery_lcd.o
                0x0000000008002dd4                BSP_LCD_MspInit
 .text.BSP_LCD_InitEx
                0x0000000008002e60       0xb4 Drivers/BSP/stm32f413h_discovery_lcd.o
                0x0000000008002e60                BSP_LCD_InitEx
 .text.BSP_LCD_Init
                0x0000000008002f14        0x6 Drivers/BSP/stm32f413h_discovery_lcd.o
                0x0000000008002f14                BSP_LCD_Init
 *fill*         0x0000000008002f1a        0x2 
 .text.HAL_InitTick
                0x0000000008002f1c       0x48 Drivers/STM32F4xx_HAL_Driver/Src/stm32f4xx_hal.o
                0x0000000008002f1c                HAL_InitTick
 .text.HAL_Init
                0x0000000008002f64       0x34 Drivers/STM32F4xx_HAL_Driver/Src/stm32f4xx_hal.o
                0x0000000008002f64                HAL_Init
 .text.HAL_IncTick
                0x0000000008002f98       0x18 Drivers/STM32F4xx_HAL_Driver/Src/stm32f4xx_hal.o
                0x0000000008002f98                HAL_IncTick
 .text.HAL_GetTick
                0x0000000008002fb0        0xc Drivers/STM32F4xx_HAL_Driver/Src/stm32f4xx_hal.o
                0x0000000008002fb0                HAL_GetTick
 .text.HAL_Delay
                0x0000000008002fbc       0x28 Drivers/STM32F4xx_HAL_Driver/Src/stm32f4xx_hal.o
                0x0000000008002fbc                HAL_Delay
 .text.HAL_ADC_Init
                0x0000000008002fe4      0x148 Drivers/STM32F4xx_HAL_Driver/Src/stm32f4xx_hal_adc.o
                0x0000000008002fe4                HAL_ADC_Init
 .text.HAL_ADC_ConfigChannel
                0x000000000800312c      0x12c Drivers/STM32F4xx_HAL_Driver/Src/stm32f4xx_hal_adc.o
                0x000000000800312c                HAL_ADC_ConfigChannel
 .text.HAL_NVIC_SetPriorityGrouping
                0x0000000008003258       0x24 Drivers/STM32F4xx_HAL_Driver/Src/stm32f4xx_hal_cortex.o
                0x0000000008003258                HAL_NVIC_SetPriorityGrouping
 .text.HAL_NVIC_SetPriority
                0x000000000800327c       0x68 Drivers/STM32F4xx_HAL_Driver/Src/stm32f4xx_hal_cortex.o
                0x000000000800327c                HAL_NVIC_SetPriority
 .text.HAL_NVIC_EnableIRQ
                0x00000000080032e4       0x18 Drivers/STM32F4xx_HAL_Driver/Src/stm32f4xx_hal_cortex.o
                0x00000000080032e4                HAL_NVIC_EnableIRQ
 .text.HAL_SYSTICK_Config
                0x00000000080032fc       0x2c Drivers/STM32F4xx_HAL_Driver/Src/stm32f4xx_hal_cortex.o
                0x00000000080032fc                HAL_SYSTICK_Config
 .text.HAL_DAC_Init
                0x0000000008003328       0x26 Drivers/STM32F4xx_HAL_Driver/Src/stm32f4xx_hal_dac.o
                0x0000000008003328                HAL_DAC_Init
 .text.HAL_DAC_ConfigChannel
                0x000000000800334e       0x40 Drivers/STM32F4xx_HAL_Driver/Src/stm32f4xx_hal_dac.o
                0x000000000800334e                HAL_DAC_ConfigChannel
 *fill*         0x000000000800338e        0x2 
 .text.DFSDM_GetChannelFromInstance
                0x0000000008003390       0x7c Drivers/STM32F4xx_HAL_Driver/Src/stm32f4xx_hal_dfsdm.o
 .text.HAL_DFSDM_ChannelInit
                0x000000000800340c      0x124 Drivers/STM32F4xx_HAL_Driver/Src/stm32f4xx_hal_dfsdm.o
                0x000000000800340c                HAL_DFSDM_ChannelInit
 .text.HAL_FMPI2C_Init
                0x0000000008003530       0xa2 Drivers/STM32F4xx_HAL_Driver/Src/stm32f4xx_hal_fmpi2c.o
                0x0000000008003530                HAL_FMPI2C_Init
 .text.HAL_FMPI2CEx_ConfigAnalogFilter
                0x00000000080035d2       0x4c Drivers/STM32F4xx_HAL_Driver/Src/stm32f4xx_hal_fmpi2c_ex.o
                0x00000000080035d2                HAL_FMPI2CEx_ConfigAnalogFilter
 *fill*         0x000000000800361e        0x2 
 .text.HAL_GPIO_Init
                0x0000000008003620      0x1b4 Drivers/STM32F4xx_HAL_Driver/Src/stm32f4xx_hal_gpio.o
                0x0000000008003620                HAL_GPIO_Init
 .text.HAL_GPIO_DeInit
                0x00000000080037d4      0x128 Drivers/STM32F4xx_HAL_Driver/Src/stm32f4xx_hal_gpio.o
                0x00000000080037d4                HAL_GPIO_DeInit
 .text.HAL_GPIO_WritePin
                0x00000000080038fc        0xa Drivers/STM32F4xx_HAL_Driver/Src/stm32f4xx_hal_gpio.o
                0x00000000080038fc                HAL_GPIO_WritePin
 .text.HAL_HCD_HC_Init
                0x0000000008003906       0x62 Drivers/STM32F4xx_HAL_Driver/Src/stm32f4xx_hal_hcd.o
                0x0000000008003906                HAL_HCD_HC_Init
 .text.HAL_HCD_HC_Halt
                0x0000000008003968       0x24 Drivers/STM32F4xx_HAL_Driver/Src/stm32f4xx_hal_hcd.o
                0x0000000008003968                HAL_HCD_HC_Halt
 .text.HAL_HCD_Init
                0x000000000800398c       0x78 Drivers/STM32F4xx_HAL_Driver/Src/stm32f4xx_hal_hcd.o
                0x000000000800398c                HAL_HCD_Init
 .text.HAL_HCD_HC_SubmitRequest
                0x0000000008003a04      0x100 Drivers/STM32F4xx_HAL_Driver/Src/stm32f4xx_hal_hcd.o
                0x0000000008003a04                HAL_HCD_HC_SubmitRequest
 .text.HAL_HCD_IRQHandler
                0x0000000008003b04      0x61c Drivers/STM32F4xx_HAL_Driver/Src/stm32f4xx_hal_hcd.o
                0x0000000008003b04                HAL_HCD_IRQHandler
 .text.HAL_HCD_Start
                0x0000000008004120       0x2c Drivers/STM32F4xx_HAL_Driver/Src/stm32f4xx_hal_hcd.o
                0x0000000008004120                HAL_HCD_Start
 .text.HAL_HCD_Stop
                0x000000000800414c       0x24 Drivers/STM32F4xx_HAL_Driver/Src/stm32f4xx_hal_hcd.o
                0x000000000800414c                HAL_HCD_Stop
 .text.HAL_HCD_HC_GetURBState
                0x0000000008004170        0xc Drivers/STM32F4xx_HAL_Driver/Src/stm32f4xx_hal_hcd.o
                0x0000000008004170                HAL_HCD_HC_GetURBState
 .text.HAL_HCD_HC_GetXferCount
                0x000000000800417c        0xa Drivers/STM32F4xx_HAL_Driver/Src/stm32f4xx_hal_hcd.o
                0x000000000800417c                HAL_HCD_HC_GetXferCount
 .text.HAL_HCD_GetCurrentFrame
                0x0000000008004186        0x6 Drivers/STM32F4xx_HAL_Driver/Src/stm32f4xx_hal_hcd.o
                0x0000000008004186                HAL_HCD_GetCurrentFrame
 .text.I2C_IsAcknowledgeFailed
                0x000000000800418c       0x2a Drivers/STM32F4xx_HAL_Driver/Src/stm32f4xx_hal_i2c.o
 .text.I2C_WaitOnMasterAddressFlagUntilTimeout
                0x00000000080041b6       0x80 Drivers/STM32F4xx_HAL_Driver/Src/stm32f4xx_hal_i2c.o
 .text.I2C_WaitOnFlagUntilTimeout
                0x0000000008004236       0x5c Drivers/STM32F4xx_HAL_Driver/Src/stm32f4xx_hal_i2c.o
 .text.I2C_WaitOnTXEFlagUntilTimeout
                0x0000000008004292       0x4c Drivers/STM32F4xx_HAL_Driver/Src/stm32f4xx_hal_i2c.o
 *fill*         0x00000000080042de        0x2 
 .text.I2C_RequestMemoryWrite
                0x00000000080042e0       0xa4 Drivers/STM32F4xx_HAL_Driver/Src/stm32f4xx_hal_i2c.o
 .text.I2C_RequestMemoryRead
                0x0000000008004384       0xf4 Drivers/STM32F4xx_HAL_Driver/Src/stm32f4xx_hal_i2c.o
 .text.I2C_WaitOnRXNEFlagUntilTimeout
                0x0000000008004478       0x5a Drivers/STM32F4xx_HAL_Driver/Src/stm32f4xx_hal_i2c.o
 .text.I2C_WaitOnBTFFlagUntilTimeout
                0x00000000080044d2       0x4c Drivers/STM32F4xx_HAL_Driver/Src/stm32f4xx_hal_i2c.o
 *fill*         0x000000000800451e        0x2 
 .text.HAL_I2C_Init
                0x0000000008004520       0xdc Drivers/STM32F4xx_HAL_Driver/Src/stm32f4xx_hal_i2c.o
                0x0000000008004520                HAL_I2C_Init
 .text.HAL_I2C_DeInit
                0x00000000080045fc       0x32 Drivers/STM32F4xx_HAL_Driver/Src/stm32f4xx_hal_i2c.o
                0x00000000080045fc                HAL_I2C_DeInit
 *fill*         0x000000000800462e        0x2 
 .text.HAL_I2C_Mem_Write
                0x0000000008004630      0x12c Drivers/STM32F4xx_HAL_Driver/Src/stm32f4xx_hal_i2c.o
                0x0000000008004630                HAL_I2C_Mem_Write
 .text.HAL_I2C_Mem_Read
                0x000000000800475c      0x220 Drivers/STM32F4xx_HAL_Driver/Src/stm32f4xx_hal_i2c.o
                0x000000000800475c                HAL_I2C_Mem_Read
 .text.HAL_I2C_GetState
                0x000000000800497c        0x6 Drivers/STM32F4xx_HAL_Driver/Src/stm32f4xx_hal_i2c.o
                0x000000000800497c                HAL_I2C_GetState
 .text.HAL_I2CEx_ConfigAnalogFilter
                0x0000000008004982       0x3e Drivers/STM32F4xx_HAL_Driver/Src/stm32f4xx_hal_i2c_ex.o
                0x0000000008004982                HAL_I2CEx_ConfigAnalogFilter
 .text.QSPI_WaitFlagStateUntilTimeout
                0x00000000080049c0       0x4c Drivers/STM32F4xx_HAL_Driver/Src/stm32f4xx_hal_qspi.o
 .text.HAL_QSPI_Init
                0x0000000008004a0c       0xb8 Drivers/STM32F4xx_HAL_Driver/Src/stm32f4xx_hal_qspi.o
                0x0000000008004a0c                HAL_QSPI_Init
 .text.HAL_RCC_GetSysClockFreq
                0x0000000008004ac4       0x5c Drivers/STM32F4xx_HAL_Driver/Src/stm32f4xx_hal_rcc.o
                0x0000000008004ac4                HAL_RCC_GetSysClockFreq
 .text.HAL_RCC_ClockConfig
                0x0000000008004b20      0x134 Drivers/STM32F4xx_HAL_Driver/Src/stm32f4xx_hal_rcc.o
                0x0000000008004b20                HAL_RCC_ClockConfig
 .text.HAL_RCC_GetPCLK1Freq
                0x0000000008004c54       0x20 Drivers/STM32F4xx_HAL_Driver/Src/stm32f4xx_hal_rcc.o
                0x0000000008004c54                HAL_RCC_GetPCLK1Freq
 .text.HAL_RCC_GetPCLK2Freq
                0x0000000008004c74       0x20 Drivers/STM32F4xx_HAL_Driver/Src/stm32f4xx_hal_rcc.o
                0x0000000008004c74                HAL_RCC_GetPCLK2Freq
 .text.HAL_RCCEx_PeriphCLKConfig
                0x0000000008004c94      0x368 Drivers/STM32F4xx_HAL_Driver/Src/stm32f4xx_hal_rcc_ex.o
                0x0000000008004c94                HAL_RCCEx_PeriphCLKConfig
 .text.HAL_RCC_OscConfig
                0x0000000008004ffc      0x308 Drivers/STM32F4xx_HAL_Driver/Src/stm32f4xx_hal_rcc_ex.o
                0x0000000008004ffc                HAL_RCC_OscConfig
 .text.SD_FindSCR
                0x0000000008005304       0xca Drivers/STM32F4xx_HAL_Driver/Src/stm32f4xx_hal_sd.o
 .text.HAL_SD_GetCardCSD
                0x00000000080053ce      0x1be Drivers/STM32F4xx_HAL_Driver/Src/stm32f4xx_hal_sd.o
                0x00000000080053ce                HAL_SD_GetCardCSD
 .text.HAL_SD_InitCard
                0x000000000800558c      0x1dc Drivers/STM32F4xx_HAL_Driver/Src/stm32f4xx_hal_sd.o
                0x000000000800558c                HAL_SD_InitCard
 .text.HAL_SD_Init
                0x0000000008005768       0x34 Drivers/STM32F4xx_HAL_Driver/Src/stm32f4xx_hal_sd.o
                0x0000000008005768                HAL_SD_Init
 .text.HAL_SD_ConfigWideBusOperation
                0x000000000800579c      0x108 Drivers/STM32F4xx_HAL_Driver/Src/stm32f4xx_hal_sd.o
                0x000000000800579c                HAL_SD_ConfigWideBusOperation
 .text.HAL_SRAM_Init
                0x00000000080058a4       0x54 Drivers/STM32F4xx_HAL_Driver/Src/stm32f4xx_hal_sram.o
                0x00000000080058a4                HAL_SRAM_Init
 .text.UART_SetConfig
                0x00000000080058f8      0x234 Drivers/STM32F4xx_HAL_Driver/Src/stm32f4xx_hal_uart.o
 .text.HAL_UART_Init
                0x0000000008005b2c       0x5c Drivers/STM32F4xx_HAL_Driver/Src/stm32f4xx_hal_uart.o
                0x0000000008005b2c                HAL_UART_Init
 .text.FSMC_NORSRAM_Init
                0x0000000008005b88       0x7c Drivers/STM32F4xx_HAL_Driver/Src/stm32f4xx_ll_fsmc.o
                0x0000000008005b88                FSMC_NORSRAM_Init
 .text.FSMC_NORSRAM_Timing_Init
                0x0000000008005c04       0x4c Drivers/STM32F4xx_HAL_Driver/Src/stm32f4xx_ll_fsmc.o
                0x0000000008005c04                FSMC_NORSRAM_Timing_Init
 .text.FSMC_NORSRAM_Extended_Timing_Init
                0x0000000008005c50       0x3c Drivers/STM32F4xx_HAL_Driver/Src/stm32f4xx_ll_fsmc.o
                0x0000000008005c50                FSMC_NORSRAM_Extended_Timing_Init
 .text.SDMMC_GetCmdResp2
                0x0000000008005c8c       0x4c Drivers/STM32F4xx_HAL_Driver/Src/stm32f4xx_ll_sdmmc.o
 .text.SDMMC_GetCmdResp3
                0x0000000008005cd8       0x40 Drivers/STM32F4xx_HAL_Driver/Src/stm32f4xx_ll_sdmmc.o
 .text.SDIO_Init
                0x0000000008005d18       0x38 Drivers/STM32F4xx_HAL_Driver/Src/stm32f4xx_ll_sdmmc.o
                0x0000000008005d18                SDIO_Init
 .text.SDIO_ReadFIFO
                0x0000000008005d50        0x6 Drivers/STM32F4xx_HAL_Driver/Src/stm32f4xx_ll_sdmmc.o
                0x0000000008005d50                SDIO_ReadFIFO
 .text.SDIO_PowerState_ON
                0x0000000008005d56        0x8 Drivers/STM32F4xx_HAL_Driver/Src/stm32f4xx_ll_sdmmc.o
                0x0000000008005d56                SDIO_PowerState_ON
 .text.SDIO_GetPowerState
                0x0000000008005d5e        0x8 Drivers/STM32F4xx_HAL_Driver/Src/stm32f4xx_ll_sdmmc.o
                0x0000000008005d5e                SDIO_GetPowerState
 .text.SDIO_SendCommand
                0x0000000008005d66       0x26 Drivers/STM32F4xx_HAL_Driver/Src/stm32f4xx_ll_sdmmc.o
                0x0000000008005d66                SDIO_SendCommand
 .text.SDIO_GetResponse
                0x0000000008005d8c       0x14 Drivers/STM32F4xx_HAL_Driver/Src/stm32f4xx_ll_sdmmc.o
                0x0000000008005d8c                SDIO_GetResponse
 .text.SDMMC_GetCmdResp1
                0x0000000008005da0      0x120 Drivers/STM32F4xx_HAL_Driver/Src/stm32f4xx_ll_sdmmc.o
 .text.SDIO_ConfigData
                0x0000000008005ec0       0x26 Drivers/STM32F4xx_HAL_Driver/Src/stm32f4xx_ll_sdmmc.o
                0x0000000008005ec0                SDIO_ConfigData
 .text.SDMMC_CmdBlockLength
                0x0000000008005ee6       0x30 Drivers/STM32F4xx_HAL_Driver/Src/stm32f4xx_ll_sdmmc.o
                0x0000000008005ee6                SDMMC_CmdBlockLength
 .text.SDMMC_CmdSelDesel
                0x0000000008005f16       0x30 Drivers/STM32F4xx_HAL_Driver/Src/stm32f4xx_ll_sdmmc.o
                0x0000000008005f16                SDMMC_CmdSelDesel
 *fill*         0x0000000008005f46        0x2 
 .text.SDMMC_CmdGoIdleState
                0x0000000008005f48       0x50 Drivers/STM32F4xx_HAL_Driver/Src/stm32f4xx_ll_sdmmc.o
                0x0000000008005f48                SDMMC_CmdGoIdleState
 .text.SDMMC_CmdOperCond
                0x0000000008005f98       0x70 Drivers/STM32F4xx_HAL_Driver/Src/stm32f4xx_ll_sdmmc.o
                0x0000000008005f98                SDMMC_CmdOperCond
 .text.SDMMC_CmdAppCommand
                0x0000000008006008       0x30 Drivers/STM32F4xx_HAL_Driver/Src/stm32f4xx_ll_sdmmc.o
                0x0000000008006008                SDMMC_CmdAppCommand
 .text.SDMMC_CmdAppOperCommand
                0x0000000008006038       0x32 Drivers/STM32F4xx_HAL_Driver/Src/stm32f4xx_ll_sdmmc.o
                0x0000000008006038                SDMMC_CmdAppOperCommand
 .text.SDMMC_CmdSendSCR
                0x000000000800606a       0x30 Drivers/STM32F4xx_HAL_Driver/Src/stm32f4xx_ll_sdmmc.o
                0x000000000800606a                SDMMC_CmdSendSCR
 .text.SDMMC_CmdSendCID
                0x000000000800609a       0x2a Drivers/STM32F4xx_HAL_Driver/Src/stm32f4xx_ll_sdmmc.o
                0x000000000800609a                SDMMC_CmdSendCID
 .text.SDMMC_CmdSendCSD
                0x00000000080060c4       0x2a Drivers/STM32F4xx_HAL_Driver/Src/stm32f4xx_ll_sdmmc.o
                0x00000000080060c4                SDMMC_CmdSendCSD
 *fill*         0x00000000080060ee        0x2 
 .text.SDMMC_CmdSetRelAdd
                0x00000000080060f0       0xa8 Drivers/STM32F4xx_HAL_Driver/Src/stm32f4xx_ll_sdmmc.o
                0x00000000080060f0                SDMMC_CmdSetRelAdd
 .text.SDMMC_CmdSwitch
                0x0000000008006198       0x30 Drivers/STM32F4xx_HAL_Driver/Src/stm32f4xx_ll_sdmmc.o
                0x0000000008006198                SDMMC_CmdSwitch
 .text.SDMMC_CmdBusWidth
                0x00000000080061c8        0x4 Drivers/STM32F4xx_HAL_Driver/Src/stm32f4xx_ll_sdmmc.o
                0x00000000080061c8                SDMMC_CmdBusWidth
 .text.USB_CoreInit
                0x00000000080061cc       0x74 Drivers/STM32F4xx_HAL_Driver/Src/stm32f4xx_ll_usb.o
                0x00000000080061cc                USB_CoreInit
 .text.USB_EnableGlobalInt
                0x0000000008006240        0xc Drivers/STM32F4xx_HAL_Driver/Src/stm32f4xx_ll_usb.o
                0x0000000008006240                USB_EnableGlobalInt
 .text.USB_DisableGlobalInt
                0x000000000800624c        0xc Drivers/STM32F4xx_HAL_Driver/Src/stm32f4xx_ll_usb.o
                0x000000000800624c                USB_DisableGlobalInt
 .text.USB_SetCurrentMode
                0x0000000008006258       0x2e Drivers/STM32F4xx_HAL_Driver/Src/stm32f4xx_ll_usb.o
                0x0000000008006258                USB_SetCurrentMode
 *fill*         0x0000000008006286        0x2 
 .text.USB_FlushTxFifo
                0x0000000008006288       0x24 Drivers/STM32F4xx_HAL_Driver/Src/stm32f4xx_ll_usb.o
                0x0000000008006288                USB_FlushTxFifo
 .text.USB_FlushRxFifo
                0x00000000080062ac       0x20 Drivers/STM32F4xx_HAL_Driver/Src/stm32f4xx_ll_usb.o
                0x00000000080062ac                USB_FlushRxFifo
 .text.USB_WritePacket
                0x00000000080062cc       0x28 Drivers/STM32F4xx_HAL_Driver/Src/stm32f4xx_ll_usb.o
                0x00000000080062cc                USB_WritePacket
 .text.USB_ReadPacket
                0x00000000080062f4       0x1c Drivers/STM32F4xx_HAL_Driver/Src/stm32f4xx_ll_usb.o
                0x00000000080062f4                USB_ReadPacket
 .text.USB_ReadInterrupts
                0x0000000008006310        0x8 Drivers/STM32F4xx_HAL_Driver/Src/stm32f4xx_ll_usb.o
                0x0000000008006310                USB_ReadInterrupts
 .text.USB_GetMode
                0x0000000008006318        0x8 Drivers/STM32F4xx_HAL_Driver/Src/stm32f4xx_ll_usb.o
                0x0000000008006318                USB_GetMode
 .text.USB_CoreReset
                0x0000000008006320       0x30 Drivers/STM32F4xx_HAL_Driver/Src/stm32f4xx_ll_usb.o
 .text.USB_HostInit
                0x0000000008006350       0xd4 Drivers/STM32F4xx_HAL_Driver/Src/stm32f4xx_ll_usb.o
                0x0000000008006350                USB_HostInit
 .text.USB_InitFSLSPClkSel
                0x0000000008006424       0x3a Drivers/STM32F4xx_HAL_Driver/Src/stm32f4xx_ll_usb.o
                0x0000000008006424                USB_InitFSLSPClkSel
 .text.USB_DriveVbus
                0x000000000800645e       0x3c Drivers/STM32F4xx_HAL_Driver/Src/stm32f4xx_ll_usb.o
                0x000000000800645e                USB_DriveVbus
 .text.USB_GetCurrentFrame
                0x000000000800649a        0xa Drivers/STM32F4xx_HAL_Driver/Src/stm32f4xx_ll_usb.o
                0x000000000800649a                USB_GetCurrentFrame
 .text.USB_HC_Init
                0x00000000080064a4       0xd8 Drivers/STM32F4xx_HAL_Driver/Src/stm32f4xx_ll_usb.o
                0x00000000080064a4                USB_HC_Init
 .text.USB_HC_StartXfer
                0x000000000800657c      0x27c Drivers/STM32F4xx_HAL_Driver/Src/stm32f4xx_ll_usb.o
                0x000000000800657c                USB_HC_StartXfer
 .text.USB_HC_ReadInterrupt
                0x00000000080067f8       0x1e Drivers/STM32F4xx_HAL_Driver/Src/stm32f4xx_ll_usb.o
                0x00000000080067f8                USB_HC_ReadInterrupt
 .text.USB_HC_Halt
                0x0000000008006816      0x1d2 Drivers/STM32F4xx_HAL_Driver/Src/stm32f4xx_ll_usb.o
                0x0000000008006816                USB_HC_Halt
 .text.USB_DoPing
                0x00000000080069e8       0x78 Drivers/STM32F4xx_HAL_Driver/Src/stm32f4xx_ll_usb.o
                0x00000000080069e8                USB_DoPing
 .text.USB_StopHost
                0x0000000008006a60      0x108 Drivers/STM32F4xx_HAL_Driver/Src/stm32f4xx_ll_usb.o
                0x0000000008006a60                USB_StopHost
 .text.USBH_CDC_SOFProcess
                0x0000000008006b68        0x4 Middlewares/ST/STM32_USB_Host_Library/Class/CDC/Src/usbh_cdc.o
 .text.USBH_CDC_InterfaceDeInit
                0x0000000008006b6c       0x62 Middlewares/ST/STM32_USB_Host_Library/Class/CDC/Src/usbh_cdc.o
 .text.USBH_CDC_InterfaceInit
                0x0000000008006bce      0x12a Middlewares/ST/STM32_USB_Host_Library/Class/CDC/Src/usbh_cdc.o
 .text.USBH_CDC_ClassRequest
                0x0000000008006cf8       0x34 Middlewares/ST/STM32_USB_Host_Library/Class/CDC/Src/usbh_cdc.o
 .text.USBH_CDC_TransmitCallback
                0x0000000008006d2c        0x2 Middlewares/ST/STM32_USB_Host_Library/Class/CDC/Src/usbh_cdc.o
                0x0000000008006d2c                USBH_CDC_TransmitCallback
 .text.USBH_CDC_ReceiveCallback
                0x0000000008006d2e        0x2 Middlewares/ST/STM32_USB_Host_Library/Class/CDC/Src/usbh_cdc.o
                0x0000000008006d2e                USBH_CDC_ReceiveCallback
 .text.USBH_CDC_LineCodingChanged
                0x0000000008006d30        0x2 Middlewares/ST/STM32_USB_Host_Library/Class/CDC/Src/usbh_cdc.o
                0x0000000008006d30                USBH_CDC_LineCodingChanged
 .text.USBH_CDC_Process
                0x0000000008006d32      0x176 Middlewares/ST/STM32_USB_Host_Library/Class/CDC/Src/usbh_cdc.o
 .text.DeInitStateMachine
                0x0000000008006ea8       0x44 Middlewares/ST/STM32_USB_Host_Library/Core/Src/usbh_core.o
 .text.USBH_Init
                0x0000000008006eec       0x2e Middlewares/ST/STM32_USB_Host_Library/Core/Src/usbh_core.o
                0x0000000008006eec                USBH_Init
 .text.USBH_RegisterClass
                0x0000000008006f1a       0x1a Middlewares/ST/STM32_USB_Host_Library/Core/Src/usbh_core.o
                0x0000000008006f1a                USBH_RegisterClass
 .text.USBH_SelectInterface
                0x0000000008006f34       0x12 Middlewares/ST/STM32_USB_Host_Library/Core/Src/usbh_core.o
                0x0000000008006f34                USBH_SelectInterface
 .text.USBH_FindInterface
                0x0000000008006f46       0x3a Middlewares/ST/STM32_USB_Host_Library/Core/Src/usbh_core.o
                0x0000000008006f46                USBH_FindInterface
 .text.USBH_Start
                0x0000000008006f80       0x14 Middlewares/ST/STM32_USB_Host_Library/Core/Src/usbh_core.o
                0x0000000008006f80                USBH_Start
 .text.USBH_LL_SetTimer
                0x0000000008006f94        0x6 Middlewares/ST/STM32_USB_Host_Library/Core/Src/usbh_core.o
                0x0000000008006f94                USBH_LL_SetTimer
 .text.USBH_LL_IncTimer
                0x0000000008006f9a       0x1c Middlewares/ST/STM32_USB_Host_Library/Core/Src/usbh_core.o
                0x0000000008006f9a                USBH_LL_IncTimer
 .text.USBH_LL_Connect
                0x0000000008006fb6       0x26 Middlewares/ST/STM32_USB_Host_Library/Core/Src/usbh_core.o
                0x0000000008006fb6                USBH_LL_Connect
 .text.USBH_LL_Disconnect
                0x0000000008006fdc       0x38 Middlewares/ST/STM32_USB_Host_Library/Core/Src/usbh_core.o
                0x0000000008006fdc                USBH_LL_Disconnect
 .text.USBH_CtlReq
                0x0000000008007014      0x17a Middlewares/ST/STM32_USB_Host_Library/Core/Src/usbh_ctlreq.o
                0x0000000008007014                USBH_CtlReq
 .text.USBH_ClrFeature
                0x000000000800718e       0x1c Middlewares/ST/STM32_USB_Host_Library/Core/Src/usbh_ctlreq.o
                0x000000000800718e                USBH_ClrFeature
 .text.USBH_CtlSendSetup
                0x00000000080071aa       0x22 Middlewares/ST/STM32_USB_Host_Library/Core/Src/usbh_ioreq.o
                0x00000000080071aa                USBH_CtlSendSetup
 .text.USBH_CtlSendData
                0x00000000080071cc       0x2e Middlewares/ST/STM32_USB_Host_Library/Core/Src/usbh_ioreq.o
                0x00000000080071cc                USBH_CtlSendData
 .text.USBH_CtlReceiveData
                0x00000000080071fa       0x20 Middlewares/ST/STM32_USB_Host_Library/Core/Src/usbh_ioreq.o
                0x00000000080071fa                USBH_CtlReceiveData
 .text.USBH_BulkSendData
                0x000000000800721a       0x2e Middlewares/ST/STM32_USB_Host_Library/Core/Src/usbh_ioreq.o
                0x000000000800721a                USBH_BulkSendData
 .text.USBH_BulkReceiveData
                0x0000000008007248       0x20 Middlewares/ST/STM32_USB_Host_Library/Core/Src/usbh_ioreq.o
                0x0000000008007248                USBH_BulkReceiveData
 .text.USBH_OpenPipe
                0x0000000008007268       0x1e Middlewares/ST/STM32_USB_Host_Library/Core/Src/usbh_pipes.o
                0x0000000008007268                USBH_OpenPipe
 .text.USBH_ClosePipe
                0x0000000008007286        0xa Middlewares/ST/STM32_USB_Host_Library/Core/Src/usbh_pipes.o
                0x0000000008007286                USBH_ClosePipe
 .text.USBH_AllocPipe
                0x0000000008007290       0x30 Middlewares/ST/STM32_USB_Host_Library/Core/Src/usbh_pipes.o
                0x0000000008007290                USBH_AllocPipe
 .text.USBH_FreePipe
                0x00000000080072c0       0x18 Middlewares/ST/STM32_USB_Host_Library/Core/Src/usbh_pipes.o
                0x00000000080072c0                USBH_FreePipe
 .text.BSP_I2C1_DeInit
                0x00000000080072d8       0x34 Src/32f413hdiscovery_bus.o
                0x00000000080072d8                BSP_I2C1_DeInit
 .text.BSP_I2C1_WriteReg
                0x000000000800730c       0x28 Src/32f413hdiscovery_bus.o
                0x000000000800730c                BSP_I2C1_WriteReg
 .text.BSP_I2C1_ReadReg
                0x0000000008007334       0x28 Src/32f413hdiscovery_bus.o
                0x0000000008007334                BSP_I2C1_ReadReg
 .text.BSP_GetTick
                0x000000000800735c        0x4 Src/32f413hdiscovery_bus.o
                0x000000000800735c                BSP_GetTick
 .text.MX_I2C1_Init
                0x0000000008007360       0x34 Src/32f413hdiscovery_bus.o
                0x0000000008007360                MX_I2C1_Init
 .text.BSP_I2C1_Init
                0x0000000008007394       0x7c Src/32f413hdiscovery_bus.o
                0x0000000008007394                BSP_I2C1_Init
 .text.MX_X_CUBE_MEMS1_Init
                0x0000000008007410       0x1a Src/app_mems-library.o
                0x0000000008007410                MX_X_CUBE_MEMS1_Init
 *fill*         0x000000000800742a        0x2 
 .text.BSP_MOTION_SENSOR_Init
                0x000000000800742c      0x2f0 Src/bsp_motion_sensors.o
                0x000000000800742c                BSP_MOTION_SENSOR_Init
 .text.BSP_MOTION_SENSOR_GetAxes
                0x000000000800771c       0x50 Src/bsp_motion_sensors.o
                0x000000000800771c                BSP_MOTION_SENSOR_GetAxes
 .text.calibrate_HTS221
                0x000000000800776c      0x124 Src/main.o
                0x000000000800776c                calibrate_HTS221
 .text.periodicActivity
                0x0000000008007890      0x168 Src/main.o
                0x0000000008007890                periodicActivity
 .text.SystemClock_Config
                0x00000000080079f8       0xb8 Src/main.o
                0x00000000080079f8                SystemClock_Config
 .text.startup.main
                0x0000000008007ab0      0x6c8 Src/main.o
                0x0000000008007ab0                main
 .text.Error_Handler
                0x0000000008008178        0x2 Src/main.o
                0x0000000008008178                Error_Handler
 *fill*         0x000000000800817a        0x2 
 .text.HAL_MspInit
                0x000000000800817c       0x38 Src/stm32f4xx_hal_msp.o
                0x000000000800817c                HAL_MspInit
 .text.HAL_ADC_MspInit
                0x00000000080081b4       0xb4 Src/stm32f4xx_hal_msp.o
                0x00000000080081b4                HAL_ADC_MspInit
 .text.HAL_DAC_MspInit
                0x0000000008008268       0x64 Src/stm32f4xx_hal_msp.o
                0x0000000008008268                HAL_DAC_MspInit
 .text.HAL_DFSDM_ChannelMspInit
                0x00000000080082cc      0x170 Src/stm32f4xx_hal_msp.o
                0x00000000080082cc                HAL_DFSDM_ChannelMspInit
 .text.HAL_FMPI2C_MspInit
                0x000000000800843c       0x70 Src/stm32f4xx_hal_msp.o
                0x000000000800843c                HAL_FMPI2C_MspInit
 .text.HAL_I2C_MspInit
                0x00000000080084ac       0x74 Src/stm32f4xx_hal_msp.o
                0x00000000080084ac                HAL_I2C_MspInit
 .text.HAL_I2C_MspDeInit
                0x0000000008008520       0x2c Src/stm32f4xx_hal_msp.o
                0x0000000008008520                HAL_I2C_MspDeInit
 .text.HAL_QSPI_MspInit
                0x000000000800854c      0x130 Src/stm32f4xx_hal_msp.o
                0x000000000800854c                HAL_QSPI_MspInit
 .text.HAL_SD_MspInit
                0x000000000800867c       0x9c Src/stm32f4xx_hal_msp.o
                0x000000000800867c                HAL_SD_MspInit
 .text.HAL_UART_MspInit
                0x0000000008008718       0xc0 Src/stm32f4xx_hal_msp.o
                0x0000000008008718                HAL_UART_MspInit
 .text.HAL_SRAM_MspInit
                0x00000000080087d8       0xa0 Src/stm32f4xx_hal_msp.o
                0x00000000080087d8                HAL_SRAM_MspInit
 .text.NMI_Handler
                0x0000000008008878        0x2 Src/stm32f4xx_it.o
                0x0000000008008878                NMI_Handler
 .text.HardFault_Handler
                0x000000000800887a        0x2 Src/stm32f4xx_it.o
                0x000000000800887a                HardFault_Handler
 .text.MemManage_Handler
                0x000000000800887c        0x2 Src/stm32f4xx_it.o
                0x000000000800887c                MemManage_Handler
 .text.BusFault_Handler
                0x000000000800887e        0x2 Src/stm32f4xx_it.o
                0x000000000800887e                BusFault_Handler
 .text.UsageFault_Handler
                0x0000000008008880        0x2 Src/stm32f4xx_it.o
                0x0000000008008880                UsageFault_Handler
 .text.SVC_Handler
                0x0000000008008882        0x2 Src/stm32f4xx_it.o
                0x0000000008008882                SVC_Handler
 .text.DebugMon_Handler
                0x0000000008008884        0x2 Src/stm32f4xx_it.o
                0x0000000008008884                DebugMon_Handler
 .text.PendSV_Handler
                0x0000000008008886        0x2 Src/stm32f4xx_it.o
                0x0000000008008886                PendSV_Handler
 .text.SysTick_Handler
                0x0000000008008888        0x4 Src/stm32f4xx_it.o
                0x0000000008008888                SysTick_Handler
 .text.OTG_FS_IRQHandler
                0x000000000800888c        0xc Src/stm32f4xx_it.o
                0x000000000800888c                OTG_FS_IRQHandler
 .text.SystemInit
                0x0000000008008898       0x4c Src/system_stm32f4xx.o
                0x0000000008008898                SystemInit
 .text.USBH_UserProcess
                0x00000000080088e4       0x24 Src/usb_host.o
 .text.MX_USB_HOST_Init
                0x0000000008008908       0x2c Src/usb_host.o
                0x0000000008008908                MX_USB_HOST_Init
 .text.HAL_HCD_MspInit
                0x0000000008008934       0x78 Src/usbh_conf.o
                0x0000000008008934                HAL_HCD_MspInit
 .text.HAL_HCD_SOF_Callback
                0x00000000080089ac        0x8 Src/usbh_conf.o
                0x00000000080089ac                HAL_HCD_SOF_Callback
 .text.HAL_HCD_Connect_Callback
                0x00000000080089b4        0x8 Src/usbh_conf.o
                0x00000000080089b4                HAL_HCD_Connect_Callback
 .text.HAL_HCD_Disconnect_Callback
                0x00000000080089bc        0x8 Src/usbh_conf.o
                0x00000000080089bc                HAL_HCD_Disconnect_Callback
 .text.HAL_HCD_HC_NotifyURBChange_Callback
                0x00000000080089c4        0x2 Src/usbh_conf.o
                0x00000000080089c4                HAL_HCD_HC_NotifyURBChange_Callback
 *fill*         0x00000000080089c6        0x2 
 .text.USBH_LL_Init
                0x00000000080089c8       0x50 Src/usbh_conf.o
                0x00000000080089c8                USBH_LL_Init
 .text.USBH_LL_Start
                0x0000000008008a18       0x1c Src/usbh_conf.o
                0x0000000008008a18                USBH_LL_Start
 .text.USBH_LL_Stop
                0x0000000008008a34       0x1c Src/usbh_conf.o
                0x0000000008008a34                USBH_LL_Stop
 .text.USBH_LL_GetLastXferSize
                0x0000000008008a50        0x8 Src/usbh_conf.o
                0x0000000008008a50                USBH_LL_GetLastXferSize
 .text.USBH_LL_OpenPipe
                0x0000000008008a58       0x30 Src/usbh_conf.o
                0x0000000008008a58                USBH_LL_OpenPipe
 .text.USBH_LL_ClosePipe
                0x0000000008008a88       0x1c Src/usbh_conf.o
                0x0000000008008a88                USBH_LL_ClosePipe
 .text.USBH_LL_SubmitURB
                0x0000000008008aa4       0x34 Src/usbh_conf.o
                0x0000000008008aa4                USBH_LL_SubmitURB
 .text.USBH_LL_GetURBState
                0x0000000008008ad8        0x8 Src/usbh_conf.o
                0x0000000008008ad8                USBH_LL_GetURBState
 .text.USBH_LL_DriverVBUS
                0x0000000008008ae0       0x1a Src/usbh_conf.o
                0x0000000008008ae0                USBH_LL_DriverVBUS
 .text.USBH_LL_SetToggle
                0x0000000008008afa       0x1e Src/usbh_conf.o
                0x0000000008008afa                USBH_LL_SetToggle
 .text.MX_DriverVbusFS
                0x0000000008008b18       0x14 Src/usbh_platform.o
                0x0000000008008b18                MX_DriverVbusFS
 .text.Reset_Handler
                0x0000000008008b2c       0x50 startup/startup_stm32f413xx.o
                0x0000000008008b2c                Reset_Handler
 .text.Default_Handler
                0x0000000008008b7c        0x2 startup/startup_stm32f413xx.o
                0x0000000008008b7c                RTC_Alarm_IRQHandler
                0x0000000008008b7c                EXTI2_IRQHandler
                0x0000000008008b7c                TIM8_CC_IRQHandler
                0x0000000008008b7c                UART8_IRQHandler
                0x0000000008008b7c                FMPI2C1_EV_IRQHandler
                0x0000000008008b7c                SPI4_IRQHandler
                0x0000000008008b7c                TIM1_CC_IRQHandler
                0x0000000008008b7c                DMA2_Stream5_IRQHandler
                0x0000000008008b7c                DMA1_Stream5_IRQHandler
                0x0000000008008b7c                CAN3_RX1_IRQHandler
                0x0000000008008b7c                PVD_IRQHandler
                0x0000000008008b7c                SDIO_IRQHandler
                0x0000000008008b7c                TAMP_STAMP_IRQHandler
                0x0000000008008b7c                CAN2_RX1_IRQHandler
                0x0000000008008b7c                EXTI3_IRQHandler
                0x0000000008008b7c                TIM8_TRG_COM_TIM14_IRQHandler
                0x0000000008008b7c                DFSDM1_FLT1_IRQHandler
                0x0000000008008b7c                TIM1_UP_TIM10_IRQHandler
                0x0000000008008b7c                TIM8_UP_TIM13_IRQHandler
                0x0000000008008b7c                I2C3_ER_IRQHandler
                0x0000000008008b7c                EXTI0_IRQHandler
                0x0000000008008b7c                I2C2_EV_IRQHandler
                0x0000000008008b7c                DMA1_Stream2_IRQHandler
                0x0000000008008b7c                CAN1_RX0_IRQHandler
                0x0000000008008b7c                FPU_IRQHandler
                0x0000000008008b7c                CAN3_SCE_IRQHandler
                0x0000000008008b7c                CAN2_SCE_IRQHandler
                0x0000000008008b7c                DMA2_Stream2_IRQHandler
                0x0000000008008b7c                SPI1_IRQHandler
                0x0000000008008b7c                TIM6_DAC_IRQHandler
                0x0000000008008b7c                TIM1_BRK_TIM9_IRQHandler
                0x0000000008008b7c                CAN2_RX0_IRQHandler
                0x0000000008008b7c                DMA2_Stream3_IRQHandler
                0x0000000008008b7c                USART6_IRQHandler
                0x0000000008008b7c                CAN3_RX0_IRQHandler
                0x0000000008008b7c                USART3_IRQHandler
                0x0000000008008b7c                DFSDM2_FLT3_IRQHandler
                0x0000000008008b7c                CAN1_RX1_IRQHandler
                0x0000000008008b7c                UART5_IRQHandler
                0x0000000008008b7c                DMA2_Stream0_IRQHandler
                0x0000000008008b7c                TIM4_IRQHandler
                0x0000000008008b7c                QUADSPI_IRQHandler
                0x0000000008008b7c                I2C1_EV_IRQHandler
                0x0000000008008b7c                DMA1_Stream6_IRQHandler
                0x0000000008008b7c                DMA1_Stream1_IRQHandler
                0x0000000008008b7c                UART4_IRQHandler
                0x0000000008008b7c                TIM3_IRQHandler
                0x0000000008008b7c                RCC_IRQHandler
                0x0000000008008b7c                UART9_IRQHandler
                0x0000000008008b7c                TIM8_BRK_TIM12_IRQHandler
                0x0000000008008b7c                Default_Handler
                0x0000000008008b7c                EXTI15_10_IRQHandler
                0x0000000008008b7c                ADC_IRQHandler
                0x0000000008008b7c                DMA1_Stream7_IRQHandler
                0x0000000008008b7c                DFSDM2_FLT0_IRQHandler
                0x0000000008008b7c                SPI5_IRQHandler
                0x0000000008008b7c                TIM7_IRQHandler
                0x0000000008008b7c                CAN2_TX_IRQHandler
                0x0000000008008b7c                TIM5_IRQHandler
                0x0000000008008b7c                DMA2_Stream7_IRQHandler
                0x0000000008008b7c                I2C3_EV_IRQHandler
                0x0000000008008b7c                DFSDM2_FLT2_IRQHandler
                0x0000000008008b7c                EXTI9_5_IRQHandler
                0x0000000008008b7c                RTC_WKUP_IRQHandler
                0x0000000008008b7c                SPI2_IRQHandler
                0x0000000008008b7c                DMA1_Stream0_IRQHandler
                0x0000000008008b7c                CAN1_TX_IRQHandler
                0x0000000008008b7c                FMPI2C1_ER_IRQHandler
                0x0000000008008b7c                EXTI4_IRQHandler
                0x0000000008008b7c                DFSDM2_FLT1_IRQHandler
                0x0000000008008b7c                RNG_IRQHandler
                0x0000000008008b7c                FSMC_IRQHandler
                0x0000000008008b7c                WWDG_IRQHandler
                0x0000000008008b7c                CAN3_TX_IRQHandler
                0x0000000008008b7c                TIM2_IRQHandler
                0x0000000008008b7c                OTG_FS_WKUP_IRQHandler
                0x0000000008008b7c                TIM1_TRG_COM_TIM11_IRQHandler
                0x0000000008008b7c                EXTI1_IRQHandler
                0x0000000008008b7c                UART7_IRQHandler
                0x0000000008008b7c                USART2_IRQHandler
                0x0000000008008b7c                DFSDM1_FLT0_IRQHandler
                0x0000000008008b7c                I2C2_ER_IRQHandler
                0x0000000008008b7c                DMA2_Stream1_IRQHandler
                0x0000000008008b7c                CAN1_SCE_IRQHandler
                0x0000000008008b7c                FLASH_IRQHandler
                0x0000000008008b7c                DMA2_Stream4_IRQHandler
                0x0000000008008b7c                USART1_IRQHandler
                0x0000000008008b7c                SPI3_IRQHandler
                0x0000000008008b7c                DMA1_Stream4_IRQHandler
                0x0000000008008b7c                I2C1_ER_IRQHandler
                0x0000000008008b7c                LPTIM1_IRQHandler
                0x0000000008008b7c                DMA2_Stream6_IRQHandler
                0x0000000008008b7c                UART10_IRQHandler
                0x0000000008008b7c                SAI1_IRQHandler
                0x0000000008008b7c                DMA1_Stream3_IRQHandler
 *fill*         0x0000000008008b7e        0x2 
 .text.__libc_init_array
                0x0000000008008b80       0x48 /opt/Atollic_TrueSTUDIO_for_STM32_x86_64_9.2.0/ARMTools/bin/../lib/gcc/arm-atollic-eabi/6.3.1/../../../../arm-atollic-eabi/lib/armv7e-m/fpu/libc_nano.a(lib_a-init.o)
                0x0000000008008b80                __libc_init_array
 .text.malloc   0x0000000008008bc8       0x10 /opt/Atollic_TrueSTUDIO_for_STM32_x86_64_9.2.0/ARMTools/bin/../lib/gcc/arm-atollic-eabi/6.3.1/../../../../arm-atollic-eabi/lib/armv7e-m/fpu/libc_nano.a(lib_a-malloc.o)
                0x0000000008008bc8                malloc
 .text.free     0x0000000008008bd8       0x10 /opt/Atollic_TrueSTUDIO_for_STM32_x86_64_9.2.0/ARMTools/bin/../lib/gcc/arm-atollic-eabi/6.3.1/../../../../arm-atollic-eabi/lib/armv7e-m/fpu/libc_nano.a(lib_a-malloc.o)
                0x0000000008008bd8                free
 .text.memset   0x0000000008008be8       0x10 /opt/Atollic_TrueSTUDIO_for_STM32_x86_64_9.2.0/ARMTools/bin/../lib/gcc/arm-atollic-eabi/6.3.1/../../../../arm-atollic-eabi/lib/armv7e-m/fpu/libc_nano.a(lib_a-memset.o)
                0x0000000008008be8                memset
 .text._free_r  0x0000000008008bf8       0x9c /opt/Atollic_TrueSTUDIO_for_STM32_x86_64_9.2.0/ARMTools/bin/../lib/gcc/arm-atollic-eabi/6.3.1/../../../../arm-atollic-eabi/lib/armv7e-m/fpu/libc_nano.a(lib_a-nano-freer.o)
                0x0000000008008bf8                _free_r
 .text._malloc_r
                0x0000000008008c94       0xbc /opt/Atollic_TrueSTUDIO_for_STM32_x86_64_9.2.0/ARMTools/bin/../lib/gcc/arm-atollic-eabi/6.3.1/../../../../arm-atollic-eabi/lib/armv7e-m/fpu/libc_nano.a(lib_a-nano-mallocr.o)
                0x0000000008008c94                _malloc_r
 .text._puts_r  0x0000000008008d50       0xb8 /opt/Atollic_TrueSTUDIO_for_STM32_x86_64_9.2.0/ARMTools/bin/../lib/gcc/arm-atollic-eabi/6.3.1/../../../../arm-atollic-eabi/lib/armv7e-m/fpu/libc_nano.a(lib_a-puts.o)
                0x0000000008008d50                _puts_r
 .text.puts     0x0000000008008e08       0x10 /opt/Atollic_TrueSTUDIO_for_STM32_x86_64_9.2.0/ARMTools/bin/../lib/gcc/arm-atollic-eabi/6.3.1/../../../../arm-atollic-eabi/lib/armv7e-m/fpu/libc_nano.a(lib_a-puts.o)
                0x0000000008008e08                puts
 .text._sbrk_r  0x0000000008008e18       0x20 /opt/Atollic_TrueSTUDIO_for_STM32_x86_64_9.2.0/ARMTools/bin/../lib/gcc/arm-atollic-eabi/6.3.1/../../../../arm-atollic-eabi/lib/armv7e-m/fpu/libc_nano.a(lib_a-sbrkr.o)
                0x0000000008008e18                _sbrk_r
 .text.sprintf  0x0000000008008e38       0x48 /opt/Atollic_TrueSTUDIO_for_STM32_x86_64_9.2.0/ARMTools/bin/../lib/gcc/arm-atollic-eabi/6.3.1/../../../../arm-atollic-eabi/lib/armv7e-m/fpu/libc_nano.a(lib_a-sprintf.o)
                0x0000000008008e38                sprintf
                0x0000000008008e38                siprintf
 .text.__swbuf_r
                0x0000000008008e80       0xa4 /opt/Atollic_TrueSTUDIO_for_STM32_x86_64_9.2.0/ARMTools/bin/../lib/gcc/arm-atollic-eabi/6.3.1/../../../../arm-atollic-eabi/lib/armv7e-m/fpu/libc_nano.a(lib_a-wbuf.o)
                0x0000000008008e80                __swbuf_r
 .text.__swsetup_r
                0x0000000008008f24       0xdc /opt/Atollic_TrueSTUDIO_for_STM32_x86_64_9.2.0/ARMTools/bin/../lib/gcc/arm-atollic-eabi/6.3.1/../../../../arm-atollic-eabi/lib/armv7e-m/fpu/libc_nano.a(lib_a-wsetup.o)
                0x0000000008008f24                __swsetup_r
 .text.__sflush_r
                0x0000000008009000      0x110 /opt/Atollic_TrueSTUDIO_for_STM32_x86_64_9.2.0/ARMTools/bin/../lib/gcc/arm-atollic-eabi/6.3.1/../../../../arm-atollic-eabi/lib/armv7e-m/fpu/libc_nano.a(lib_a-fflush.o)
                0x0000000008009000                __sflush_r
 .text._fflush_r
                0x0000000008009110       0x54 /opt/Atollic_TrueSTUDIO_for_STM32_x86_64_9.2.0/ARMTools/bin/../lib/gcc/arm-atollic-eabi/6.3.1/../../../../arm-atollic-eabi/lib/armv7e-m/fpu/libc_nano.a(lib_a-fflush.o)
                0x0000000008009110                _fflush_r
 .text._cleanup_r
                0x0000000008009164        0xc /opt/Atollic_TrueSTUDIO_for_STM32_x86_64_9.2.0/ARMTools/bin/../lib/gcc/arm-atollic-eabi/6.3.1/../../../../arm-atollic-eabi/lib/armv7e-m/fpu/libc_nano.a(lib_a-findfp.o)
                0x0000000008009164                _cleanup_r
 .text.std.isra.0
                0x0000000008009170       0x48 /opt/Atollic_TrueSTUDIO_for_STM32_x86_64_9.2.0/ARMTools/bin/../lib/gcc/arm-atollic-eabi/6.3.1/../../../../arm-atollic-eabi/lib/armv7e-m/fpu/libc_nano.a(lib_a-findfp.o)
 .text.__sfmoreglue
                0x00000000080091b8       0x2c /opt/Atollic_TrueSTUDIO_for_STM32_x86_64_9.2.0/ARMTools/bin/../lib/gcc/arm-atollic-eabi/6.3.1/../../../../arm-atollic-eabi/lib/armv7e-m/fpu/libc_nano.a(lib_a-findfp.o)
                0x00000000080091b8                __sfmoreglue
 .text.__sinit  0x00000000080091e4       0x60 /opt/Atollic_TrueSTUDIO_for_STM32_x86_64_9.2.0/ARMTools/bin/../lib/gcc/arm-atollic-eabi/6.3.1/../../../../arm-atollic-eabi/lib/armv7e-m/fpu/libc_nano.a(lib_a-findfp.o)
                0x00000000080091e4                __sinit
 .text.__sfp    0x0000000008009244       0x78 /opt/Atollic_TrueSTUDIO_for_STM32_x86_64_9.2.0/ARMTools/bin/../lib/gcc/arm-atollic-eabi/6.3.1/../../../../arm-atollic-eabi/lib/armv7e-m/fpu/libc_nano.a(lib_a-findfp.o)
                0x0000000008009244                __sfp
 .text._fwalk_reent
                0x00000000080092bc       0x3c /opt/Atollic_TrueSTUDIO_for_STM32_x86_64_9.2.0/ARMTools/bin/../lib/gcc/arm-atollic-eabi/6.3.1/../../../../arm-atollic-eabi/lib/armv7e-m/fpu/libc_nano.a(lib_a-fwalk.o)
                0x00000000080092bc                _fwalk_reent
 .text.__swhatbuf_r
                0x00000000080092f8       0x48 /opt/Atollic_TrueSTUDIO_for_STM32_x86_64_9.2.0/ARMTools/bin/../lib/gcc/arm-atollic-eabi/6.3.1/../../../../arm-atollic-eabi/lib/armv7e-m/fpu/libc_nano.a(lib_a-makebuf.o)
                0x00000000080092f8                __swhatbuf_r
 .text.__smakebuf_r
                0x0000000008009340       0x80 /opt/Atollic_TrueSTUDIO_for_STM32_x86_64_9.2.0/ARMTools/bin/../lib/gcc/arm-atollic-eabi/6.3.1/../../../../arm-atollic-eabi/lib/armv7e-m/fpu/libc_nano.a(lib_a-makebuf.o)
                0x0000000008009340                __smakebuf_r
 .text.__malloc_lock
                0x00000000080093c0        0x2 /opt/Atollic_TrueSTUDIO_for_STM32_x86_64_9.2.0/ARMTools/bin/../lib/gcc/arm-atollic-eabi/6.3.1/../../../../arm-atollic-eabi/lib/armv7e-m/fpu/libc_nano.a(lib_a-mlock.o)
                0x00000000080093c0                __malloc_lock
 .text.__malloc_unlock
                0x00000000080093c2        0x2 /opt/Atollic_TrueSTUDIO_for_STM32_x86_64_9.2.0/ARMTools/bin/../lib/gcc/arm-atollic-eabi/6.3.1/../../../../arm-atollic-eabi/lib/armv7e-m/fpu/libc_nano.a(lib_a-mlock.o)
                0x00000000080093c2                __malloc_unlock
 .text.__ssputs_r
                0x00000000080093c4       0xb6 /opt/Atollic_TrueSTUDIO_for_STM32_x86_64_9.2.0/ARMTools/bin/../lib/gcc/arm-atollic-eabi/6.3.1/../../../../arm-atollic-eabi/lib/armv7e-m/fpu/libc_nano.a(lib_a-nano-svfprintf.o)
                0x00000000080093c4                __ssputs_r
 *fill*         0x000000000800947a        0x2 
 .text._svfprintf_r
                0x000000000800947c      0x1e8 /opt/Atollic_TrueSTUDIO_for_STM32_x86_64_9.2.0/ARMTools/bin/../lib/gcc/arm-atollic-eabi/6.3.1/../../../../arm-atollic-eabi/lib/armv7e-m/fpu/libc_nano.a(lib_a-nano-svfprintf.o)
                0x000000000800947c                _svfprintf_r
                0x000000000800947c                _svfiprintf_r
 .text._printf_common
                0x0000000008009664       0xec /opt/Atollic_TrueSTUDIO_for_STM32_x86_64_9.2.0/ARMTools/bin/../lib/gcc/arm-atollic-eabi/6.3.1/../../../../arm-atollic-eabi/lib/armv7e-m/fpu/libc_nano.a(lib_a-nano-vfprintf_i.o)
                0x0000000008009664                _printf_common
 .text._printf_i
                0x0000000008009750      0x240 /opt/Atollic_TrueSTUDIO_for_STM32_x86_64_9.2.0/ARMTools/bin/../lib/gcc/arm-atollic-eabi/6.3.1/../../../../arm-atollic-eabi/lib/armv7e-m/fpu/libc_nano.a(lib_a-nano-vfprintf_i.o)
                0x0000000008009750                _printf_i
 .text.__sread  0x0000000008009990       0x22 /opt/Atollic_TrueSTUDIO_for_STM32_x86_64_9.2.0/ARMTools/bin/../lib/gcc/arm-atollic-eabi/6.3.1/../../../../arm-atollic-eabi/lib/armv7e-m/fpu/libc_nano.a(lib_a-stdio.o)
                0x0000000008009990                __sread
 .text.__swrite
                0x00000000080099b2       0x38 /opt/Atollic_TrueSTUDIO_for_STM32_x86_64_9.2.0/ARMTools/bin/../lib/gcc/arm-atollic-eabi/6.3.1/../../../../arm-atollic-eabi/lib/armv7e-m/fpu/libc_nano.a(lib_a-stdio.o)
                0x00000000080099b2                __swrite
 .text.__sseek  0x00000000080099ea       0x24 /opt/Atollic_TrueSTUDIO_for_STM32_x86_64_9.2.0/ARMTools/bin/../lib/gcc/arm-atollic-eabi/6.3.1/../../../../arm-atollic-eabi/lib/armv7e-m/fpu/libc_nano.a(lib_a-stdio.o)
                0x00000000080099ea                __sseek
 .text.__sclose
                0x0000000008009a0e        0x8 /opt/Atollic_TrueSTUDIO_for_STM32_x86_64_9.2.0/ARMTools/bin/../lib/gcc/arm-atollic-eabi/6.3.1/../../../../arm-atollic-eabi/lib/armv7e-m/fpu/libc_nano.a(lib_a-stdio.o)
                0x0000000008009a0e                __sclose
 *fill*         0x0000000008009a16        0x2 
 .text._write_r
                0x0000000008009a18       0x24 /opt/Atollic_TrueSTUDIO_for_STM32_x86_64_9.2.0/ARMTools/bin/../lib/gcc/arm-atollic-eabi/6.3.1/../../../../arm-atollic-eabi/lib/armv7e-m/fpu/libc_nano.a(lib_a-writer.o)
                0x0000000008009a18                _write_r
 .text._close_r
                0x0000000008009a3c       0x20 /opt/Atollic_TrueSTUDIO_for_STM32_x86_64_9.2.0/ARMTools/bin/../lib/gcc/arm-atollic-eabi/6.3.1/../../../../arm-atollic-eabi/lib/armv7e-m/fpu/libc_nano.a(lib_a-closer.o)
                0x0000000008009a3c                _close_r
 .text._fstat_r
                0x0000000008009a5c       0x24 /opt/Atollic_TrueSTUDIO_for_STM32_x86_64_9.2.0/ARMTools/bin/../lib/gcc/arm-atollic-eabi/6.3.1/../../../../arm-atollic-eabi/lib/armv7e-m/fpu/libc_nano.a(lib_a-fstatr.o)
                0x0000000008009a5c                _fstat_r
 .text._isatty_r
                0x0000000008009a80       0x20 /opt/Atollic_TrueSTUDIO_for_STM32_x86_64_9.2.0/ARMTools/bin/../lib/gcc/arm-atollic-eabi/6.3.1/../../../../arm-atollic-eabi/lib/armv7e-m/fpu/libc_nano.a(lib_a-isattyr.o)
                0x0000000008009a80                _isatty_r
 .text._lseek_r
                0x0000000008009aa0       0x24 /opt/Atollic_TrueSTUDIO_for_STM32_x86_64_9.2.0/ARMTools/bin/../lib/gcc/arm-atollic-eabi/6.3.1/../../../../arm-atollic-eabi/lib/armv7e-m/fpu/libc_nano.a(lib_a-lseekr.o)
                0x0000000008009aa0                _lseek_r
 .text.memcpy   0x0000000008009ac4       0x16 /opt/Atollic_TrueSTUDIO_for_STM32_x86_64_9.2.0/ARMTools/bin/../lib/gcc/arm-atollic-eabi/6.3.1/../../../../arm-atollic-eabi/lib/armv7e-m/fpu/libc_nano.a(lib_a-memcpy-stub.o)
                0x0000000008009ac4                memcpy
 .text.memmove  0x0000000008009ada       0x34 /opt/Atollic_TrueSTUDIO_for_STM32_x86_64_9.2.0/ARMTools/bin/../lib/gcc/arm-atollic-eabi/6.3.1/../../../../arm-atollic-eabi/lib/armv7e-m/fpu/libc_nano.a(lib_a-memmove.o)
                0x0000000008009ada                memmove
 .text._realloc_r
                0x0000000008009b0e       0x4c /opt/Atollic_TrueSTUDIO_for_STM32_x86_64_9.2.0/ARMTools/bin/../lib/gcc/arm-atollic-eabi/6.3.1/../../../../arm-atollic-eabi/lib/armv7e-m/fpu/libc_nano.a(lib_a-nano-reallocr.o)
                0x0000000008009b0e                _realloc_r
 *fill*         0x0000000008009b5a        0x2 
 .text._read_r  0x0000000008009b5c       0x24 /opt/Atollic_TrueSTUDIO_for_STM32_x86_64_9.2.0/ARMTools/bin/../lib/gcc/arm-atollic-eabi/6.3.1/../../../../arm-atollic-eabi/lib/armv7e-m/fpu/libc_nano.a(lib_a-readr.o)
                0x0000000008009b5c                _read_r
 .text._malloc_usable_size_r
                0x0000000008009b80       0x12 /opt/Atollic_TrueSTUDIO_for_STM32_x86_64_9.2.0/ARMTools/bin/../lib/gcc/arm-atollic-eabi/6.3.1/../../../../arm-atollic-eabi/lib/armv7e-m/fpu/libc_nano.a(lib_a-nano-msizer.o)
                0x0000000008009b80                _malloc_usable_size_r
 *fill*         0x0000000008009b92        0x2 
 .text._close   0x0000000008009b94       0x10 /opt/Atollic_TrueSTUDIO_for_STM32_x86_64_9.2.0/ARMTools/bin/../lib/gcc/arm-atollic-eabi/6.3.1/../../../../arm-atollic-eabi/lib/armv7e-m/fpu/libnosys.a(close.o)
                0x0000000008009b94                _close
 .text._fstat   0x0000000008009ba4       0x10 /opt/Atollic_TrueSTUDIO_for_STM32_x86_64_9.2.0/ARMTools/bin/../lib/gcc/arm-atollic-eabi/6.3.1/../../../../arm-atollic-eabi/lib/armv7e-m/fpu/libnosys.a(fstat.o)
                0x0000000008009ba4                _fstat
 .text._isatty  0x0000000008009bb4       0x10 /opt/Atollic_TrueSTUDIO_for_STM32_x86_64_9.2.0/ARMTools/bin/../lib/gcc/arm-atollic-eabi/6.3.1/../../../../arm-atollic-eabi/lib/armv7e-m/fpu/libnosys.a(isatty.o)
                0x0000000008009bb4                _isatty
 .text._lseek   0x0000000008009bc4       0x10 /opt/Atollic_TrueSTUDIO_for_STM32_x86_64_9.2.0/ARMTools/bin/../lib/gcc/arm-atollic-eabi/6.3.1/../../../../arm-atollic-eabi/lib/armv7e-m/fpu/libnosys.a(lseek.o)
                0x0000000008009bc4                _lseek
 .text._read    0x0000000008009bd4       0x10 /opt/Atollic_TrueSTUDIO_for_STM32_x86_64_9.2.0/ARMTools/bin/../lib/gcc/arm-atollic-eabi/6.3.1/../../../../arm-atollic-eabi/lib/armv7e-m/fpu/libnosys.a(read.o)
                0x0000000008009bd4                _read
 .text._sbrk    0x0000000008009be4       0x1c /opt/Atollic_TrueSTUDIO_for_STM32_x86_64_9.2.0/ARMTools/bin/../lib/gcc/arm-atollic-eabi/6.3.1/../../../../arm-atollic-eabi/lib/armv7e-m/fpu/libnosys.a(sbrk.o)
                0x0000000008009be4                _sbrk
 .text._write   0x0000000008009c00       0x10 /opt/Atollic_TrueSTUDIO_for_STM32_x86_64_9.2.0/ARMTools/bin/../lib/gcc/arm-atollic-eabi/6.3.1/../../../../arm-atollic-eabi/lib/armv7e-m/fpu/libnosys.a(write.o)
                0x0000000008009c00                _write
 *(.glue_7)
 .glue_7        0x0000000008009c10        0x0 linker stubs
 *(.glue_7t)
 .glue_7t       0x0000000008009c10        0x0 linker stubs
 *(.eh_frame)
 .eh_frame      0x0000000008009c10        0x0 /opt/Atollic_TrueSTUDIO_for_STM32_x86_64_9.2.0/ARMTools/bin/../lib/gcc/arm-atollic-eabi/6.3.1/armv7e-m/fpu/crtbegin.o
 *(.init)
 .init          0x0000000008009c10        0x4 /opt/Atollic_TrueSTUDIO_for_STM32_x86_64_9.2.0/ARMTools/bin/../lib/gcc/arm-atollic-eabi/6.3.1/armv7e-m/fpu/crti.o
                0x0000000008009c10                _init
 .init          0x0000000008009c14        0x8 /opt/Atollic_TrueSTUDIO_for_STM32_x86_64_9.2.0/ARMTools/bin/../lib/gcc/arm-atollic-eabi/6.3.1/armv7e-m/fpu/crtn.o
 *(.fini)
 .fini          0x0000000008009c1c        0x4 /opt/Atollic_TrueSTUDIO_for_STM32_x86_64_9.2.0/ARMTools/bin/../lib/gcc/arm-atollic-eabi/6.3.1/armv7e-m/fpu/crti.o
                0x0000000008009c1c                _fini
 .fini          0x0000000008009c20        0x8 /opt/Atollic_TrueSTUDIO_for_STM32_x86_64_9.2.0/ARMTools/bin/../lib/gcc/arm-atollic-eabi/6.3.1/armv7e-m/fpu/crtn.o
                0x0000000008009c28                . = ALIGN (0x4)
                0x0000000008009c28                _etext = .

.vfp11_veneer   0x0000000008009c28        0x0
 .vfp11_veneer  0x0000000008009c28        0x0 linker stubs

.v4_bx          0x0000000008009c28        0x0
 .v4_bx         0x0000000008009c28        0x0 linker stubs

.iplt           0x0000000008009c28        0x0
 .iplt          0x0000000008009c28        0x0 /opt/Atollic_TrueSTUDIO_for_STM32_x86_64_9.2.0/ARMTools/bin/../lib/gcc/arm-atollic-eabi/6.3.1/armv7e-m/fpu/crtbegin.o

.rodata         0x0000000008009c28     0x2078
                0x0000000008009c28                . = ALIGN (0x4)
 *(.rodata)
 *(.rodata*)
 .rodata.CSWTCH.55
                0x0000000008009c28        0x6 Drivers/BSP/Components/lsm303agr/lsm303agr.o
 *fill*         0x0000000008009c2e        0x2 
 .rodata.GPIO_PIN
                0x0000000008009c30        0x8 Drivers/BSP/stm32f413h_discovery.o
                0x0000000008009c30                GPIO_PIN
 .rodata.Font12_Table
                0x0000000008009c38      0x474 Drivers/BSP/stm32f413h_discovery_lcd.o
                0x0000000008009c38                Font12_Table
 .rodata.Font24_Table
                0x000000000800a0ac     0x1ab8 Drivers/BSP/stm32f413h_discovery_lcd.o
                0x000000000800a0ac                Font24_Table
 .rodata.str1.1
                0x000000000800bb64        0x4 Middlewares/ST/STM32_USB_Host_Library/Class/CDC/Src/usbh_cdc.o
 .rodata.FunctionIndex
                0x000000000800bb68       0x14 Src/bsp_motion_sensors.o
 .rodata.main.str1.1
                0x000000000800bb7c       0x6f Src/main.o
 .rodata.AHBPrescTable
                0x000000000800bbeb       0x10 Src/system_stm32f4xx.o
                0x000000000800bbeb                AHBPrescTable
 .rodata.APBPrescTable
                0x000000000800bbfb        0x8 Src/system_stm32f4xx.o
                0x000000000800bbfb                APBPrescTable
 .rodata.CSWTCH.25
                0x000000000800bc03        0x4 Src/usbh_conf.o
 *fill*         0x000000000800bc07        0x1 
 .rodata.__sf_fake_stderr
                0x000000000800bc08       0x20 /opt/Atollic_TrueSTUDIO_for_STM32_x86_64_9.2.0/ARMTools/bin/../lib/gcc/arm-atollic-eabi/6.3.1/../../../../arm-atollic-eabi/lib/armv7e-m/fpu/libc_nano.a(lib_a-findfp.o)
                0x000000000800bc08                __sf_fake_stderr
 .rodata.__sf_fake_stdin
                0x000000000800bc28       0x20 /opt/Atollic_TrueSTUDIO_for_STM32_x86_64_9.2.0/ARMTools/bin/../lib/gcc/arm-atollic-eabi/6.3.1/../../../../arm-atollic-eabi/lib/armv7e-m/fpu/libc_nano.a(lib_a-findfp.o)
                0x000000000800bc28                __sf_fake_stdin
 .rodata.__sf_fake_stdout
                0x000000000800bc48       0x20 /opt/Atollic_TrueSTUDIO_for_STM32_x86_64_9.2.0/ARMTools/bin/../lib/gcc/arm-atollic-eabi/6.3.1/../../../../arm-atollic-eabi/lib/armv7e-m/fpu/libc_nano.a(lib_a-findfp.o)
                0x000000000800bc48                __sf_fake_stdout
 .rodata._global_impure_ptr
                0x000000000800bc68        0x4 /opt/Atollic_TrueSTUDIO_for_STM32_x86_64_9.2.0/ARMTools/bin/../lib/gcc/arm-atollic-eabi/6.3.1/../../../../arm-atollic-eabi/lib/armv7e-m/fpu/libc_nano.a(lib_a-impure.o)
                0x000000000800bc68                _global_impure_ptr
 .rodata._svfprintf_r.str1.1
                0x000000000800bc6c       0x11 /opt/Atollic_TrueSTUDIO_for_STM32_x86_64_9.2.0/ARMTools/bin/../lib/gcc/arm-atollic-eabi/6.3.1/../../../../arm-atollic-eabi/lib/armv7e-m/fpu/libc_nano.a(lib_a-nano-svfprintf.o)
 .rodata._printf_i.str1.1
                0x000000000800bc7d       0x22 /opt/Atollic_TrueSTUDIO_for_STM32_x86_64_9.2.0/ARMTools/bin/../lib/gcc/arm-atollic-eabi/6.3.1/../../../../arm-atollic-eabi/lib/armv7e-m/fpu/libc_nano.a(lib_a-nano-vfprintf_i.o)
                0x000000000800bca0                . = ALIGN (0x4)
 *fill*         0x000000000800bc9f        0x1 

.ARM.extab
 *(.ARM.extab* .gnu.linkonce.armextab.*)

.ARM            0x000000000800bca0        0x8
                0x000000000800bca0                __exidx_start = .
 *(.ARM.exidx*)