stm32f4xx_hal_qspi.c:2127:13:QSPI_DMARxCplt	0	static
stm32f4xx_hal_qspi.c:2141:13:QSPI_DMATxCplt	0	static
stm32f4xx_hal_qspi.c:2274:13:QSPI_Config	28	static
stm32f4xx_hal_qspi.c:2241:26:QSPI_WaitFlagStateUntilTimeout	24	static
stm32f4xx_hal_qspi.c:365:14:HAL_QSPI_MspInit	0	static
stm32f4xx_hal_qspi.c:252:19:HAL_QSPI_Init	24	static
stm32f4xx_hal_qspi.c:380:14:HAL_QSPI_MspDeInit	0	static
stm32f4xx_hal_qspi.c:331:19:HAL_QSPI_DeInit	8	static
stm32f4xx_hal_qspi.c:642:19:HAL_QSPI_Command	40	static
stm32f4xx_hal_qspi.c:732:19:HAL_QSPI_Command_IT	24	static
stm32f4xx_hal_qspi.c:1011:19:HAL_QSPI_Transmit_IT	8	static
stm32f4xx_hal_qspi.c:1071:19:HAL_QSPI_Receive_IT	12	static
stm32f4xx_hal_qspi.c:1139:19:HAL_QSPI_Transmit_DMA	16	static
stm32f4xx_hal_qspi.c:1295:19:HAL_QSPI_Receive_DMA	24	static
stm32f4xx_hal_qspi.c:1478:19:HAL_QSPI_AutoPolling	40	static
stm32f4xx_hal_qspi.c:1578:19:HAL_QSPI_AutoPolling_IT	32	static
stm32f4xx_hal_qspi.c:1692:19:HAL_QSPI_MemoryMapped	32	static
stm32f4xx_hal_qspi.c:1778:13:HAL_QSPI_ErrorCallback	0	static
stm32f4xx_hal_qspi.c:2203:13:QSPI_DMAAbortCplt	8	static
stm32f4xx_hal_qspi.c:1793:13:HAL_QSPI_AbortCpltCallback	0	static
stm32f4xx_hal_qspi.c:1808:13:HAL_QSPI_CmdCpltCallback	0	static
stm32f4xx_hal_qspi.c:1823:13:HAL_QSPI_RxCpltCallback	0	static
stm32f4xx_hal_qspi.c:1838:14:HAL_QSPI_TxCpltCallback	0	static
stm32f4xx_hal_qspi.c:1853:13:HAL_QSPI_RxHalfCpltCallback	0	static
stm32f4xx_hal_qspi.c:2155:13:QSPI_DMARxHalfCplt	8	static
stm32f4xx_hal_qspi.c:1868:14:HAL_QSPI_TxHalfCpltCallback	0	static
stm32f4xx_hal_qspi.c:2167:13:QSPI_DMATxHalfCplt	8	static
stm32f4xx_hal_qspi.c:1883:13:HAL_QSPI_FifoThresholdCallback	0	static
stm32f4xx_hal_qspi.c:1898:13:HAL_QSPI_StatusMatchCallback	0	static
stm32f4xx_hal_qspi.c:1913:13:HAL_QSPI_TimeOutCallback	0	static
stm32f4xx_hal_qspi.c:1949:23:HAL_QSPI_GetState	0	static
stm32f4xx_hal_qspi.c:1960:10:HAL_QSPI_GetError	0	static
stm32f4xx_hal_qspi.c:1970:19:HAL_QSPI_Abort	24	static
stm32f4xx_hal_qspi.c:842:19:HAL_QSPI_Transmit	32	static
stm32f4xx_hal_qspi.c:926:19:HAL_QSPI_Receive	32	static
stm32f4xx_hal_qspi.c:2023:19:HAL_QSPI_Abort_IT	8	static
stm32f4xx_hal_qspi.c:419:6:HAL_QSPI_IRQHandler	8	static
stm32f4xx_hal_qspi.c:2179:13:QSPI_DMAError	8	static
stm32f4xx_hal_qspi.c:2069:6:HAL_QSPI_SetTimeout	0	static
stm32f4xx_hal_qspi.c:2079:19:HAL_QSPI_SetFifoThreshold	8	static
stm32f4xx_hal_qspi.c:2111:10:HAL_QSPI_GetFifoThreshold	0	static
