stm32f4xx_hal_dfsdm.c:3670:13:DFSDM_RegConvStart	0	static
stm32f4xx_hal_dfsdm.c:3711:13:DFSDM_RegConvStop	0	static
stm32f4xx_hal_dfsdm.c:3747:13:DFSDM_InjConvStart	8	static
stm32f4xx_hal_dfsdm.c:3791:13:DFSDM_InjConvStop	0	static
stm32f4xx_hal_dfsdm.c:3605:17:DFSDM_GetChannelFromInstance	0	static
stm32f4xx_hal_dfsdm.c:566:13:HAL_DFSDM_ChannelMspInit	0	static
stm32f4xx_hal_dfsdm.c:289:19:HAL_DFSDM_ChannelInit	24	static
stm32f4xx_hal_dfsdm.c:580:13:HAL_DFSDM_ChannelMspDeInit	0	static
stm32f4xx_hal_dfsdm.c:471:19:HAL_DFSDM_ChannelDeInit	16	static
stm32f4xx_hal_dfsdm.c:618:19:HAL_DFSDM_ChannelCkabStart	24	static
stm32f4xx_hal_dfsdm.c:706:19:HAL_DFSDM_ChannelPollForCkab	24	static
stm32f4xx_hal_dfsdm.c:794:19:HAL_DFSDM_ChannelCkabStop	8	static
stm32f4xx_hal_dfsdm.c:854:19:HAL_DFSDM_ChannelCkabStart_IT	24	static
stm32f4xx_hal_dfsdm.c:955:13:HAL_DFSDM_ChannelCkabCallback	0	static
stm32f4xx_hal_dfsdm.c:970:19:HAL_DFSDM_ChannelCkabStop_IT	8	static
stm32f4xx_hal_dfsdm.c:1038:19:HAL_DFSDM_ChannelScdStart	0	static
stm32f4xx_hal_dfsdm.c:1075:19:HAL_DFSDM_ChannelPollForScd	24	static
stm32f4xx_hal_dfsdm.c:1161:19:HAL_DFSDM_ChannelScdStop	8	static
stm32f4xx_hal_dfsdm.c:1216:19:HAL_DFSDM_ChannelScdStart_IT	12	static
stm32f4xx_hal_dfsdm.c:1272:13:HAL_DFSDM_ChannelScdCallback	0	static
stm32f4xx_hal_dfsdm.c:1287:19:HAL_DFSDM_ChannelScdStop_IT	8	static
stm32f4xx_hal_dfsdm.c:1342:9:HAL_DFSDM_ChannelGetAwdValue	0	static
stm32f4xx_hal_dfsdm.c:1354:19:HAL_DFSDM_ChannelModifyOffset	0	static
stm32f4xx_hal_dfsdm.c:1401:32:HAL_DFSDM_ChannelGetState	0	static
stm32f4xx_hal_dfsdm.c:1577:13:HAL_DFSDM_FilterMspInit	0	static
stm32f4xx_hal_dfsdm.c:1431:19:HAL_DFSDM_FilterInit	16	static
stm32f4xx_hal_dfsdm.c:1591:13:HAL_DFSDM_FilterMspDeInit	0	static
stm32f4xx_hal_dfsdm.c:1549:19:HAL_DFSDM_FilterDeInit	8	static
stm32f4xx_hal_dfsdm.c:1628:19:HAL_DFSDM_FilterConfigRegChannel	8	static
stm32f4xx_hal_dfsdm.c:1673:19:HAL_DFSDM_FilterConfigInjChannel	0	static
stm32f4xx_hal_dfsdm.c:1743:19:HAL_DFSDM_FilterRegularStart	8	static
stm32f4xx_hal_dfsdm.c:1833:19:HAL_DFSDM_FilterRegularStop	8	static
stm32f4xx_hal_dfsdm.c:1863:19:HAL_DFSDM_FilterRegularStart_IT	8	static
stm32f4xx_hal_dfsdm.c:1894:19:HAL_DFSDM_FilterRegularStop_IT	8	static
stm32f4xx_hal_dfsdm.c:1932:19:HAL_DFSDM_FilterRegularStart_DMA	24	static
stm32f4xx_hal_dfsdm.c:2009:19:HAL_DFSDM_FilterRegularMsbStart_DMA	24	static
stm32f4xx_hal_dfsdm.c:2080:19:HAL_DFSDM_FilterRegularStop_DMA	8	static
stm32f4xx_hal_dfsdm.c:2119:9:HAL_DFSDM_FilterGetRegularValue	0	static
stm32f4xx_hal_dfsdm.c:2147:19:HAL_DFSDM_FilterInjectedStart	8	static
stm32f4xx_hal_dfsdm.c:2247:19:HAL_DFSDM_FilterInjectedStop	8	static
stm32f4xx_hal_dfsdm.c:2277:19:HAL_DFSDM_FilterInjectedStart_IT	8	static
stm32f4xx_hal_dfsdm.c:2308:19:HAL_DFSDM_FilterInjectedStop_IT	8	static
stm32f4xx_hal_dfsdm.c:2346:19:HAL_DFSDM_FilterInjectedStart_DMA	16	static
stm32f4xx_hal_dfsdm.c:2421:19:HAL_DFSDM_FilterInjectedMsbStart_DMA	16	static
stm32f4xx_hal_dfsdm.c:2490:19:HAL_DFSDM_FilterInjectedStop_DMA	16	static
stm32f4xx_hal_dfsdm.c:2529:9:HAL_DFSDM_FilterGetInjectedValue	0	static
stm32f4xx_hal_dfsdm.c:2556:19:HAL_DFSDM_FilterAwdStart_IT	0	static
stm32f4xx_hal_dfsdm.c:2605:19:HAL_DFSDM_FilterAwdStop_IT	0	static
stm32f4xx_hal_dfsdm.c:2645:19:HAL_DFSDM_FilterExdStart	0	static
stm32f4xx_hal_dfsdm.c:2676:19:HAL_DFSDM_FilterExdStop	8	static
stm32f4xx_hal_dfsdm.c:2714:9:HAL_DFSDM_FilterGetExdMaxValue	0	static
stm32f4xx_hal_dfsdm.c:2742:9:HAL_DFSDM_FilterGetExdMinValue	0	static
stm32f4xx_hal_dfsdm.c:2769:10:HAL_DFSDM_FilterGetConvTimeValue	0	static
stm32f4xx_hal_dfsdm.c:3008:13:HAL_DFSDM_FilterRegConvCpltCallback	0	static
stm32f4xx_hal_dfsdm.c:3523:13:DFSDM_DMARegularConvCplt	8	static
stm32f4xx_hal_dfsdm.c:3022:13:HAL_DFSDM_FilterRegConvHalfCpltCallback	0	static
stm32f4xx_hal_dfsdm.c:3509:13:DFSDM_DMARegularHalfConvCplt	8	static
stm32f4xx_hal_dfsdm.c:3038:13:HAL_DFSDM_FilterInjConvCpltCallback	0	static
stm32f4xx_hal_dfsdm.c:3551:13:DFSDM_DMAInjectedConvCplt	8	static
stm32f4xx_hal_dfsdm.c:3052:13:HAL_DFSDM_FilterInjConvHalfCpltCallback	0	static
stm32f4xx_hal_dfsdm.c:3537:13:DFSDM_DMAInjectedHalfConvCplt	8	static
stm32f4xx_hal_dfsdm.c:3068:13:HAL_DFSDM_FilterAwdCallback	0	static
stm32f4xx_hal_dfsdm.c:3086:13:HAL_DFSDM_FilterErrorCallback	0	static
stm32f4xx_hal_dfsdm.c:1772:19:HAL_DFSDM_FilterPollForRegConversion	16	static
stm32f4xx_hal_dfsdm.c:3565:13:DFSDM_DMAError	8	static
stm32f4xx_hal_dfsdm.c:2176:19:HAL_DFSDM_FilterPollForInjConversion	24	static
stm32f4xx_hal_dfsdm.c:2792:6:HAL_DFSDM_IRQHandler	24	static
stm32f4xx_hal_dfsdm.c:3118:31:HAL_DFSDM_FilterGetState	0	static
stm32f4xx_hal_dfsdm.c:3129:10:HAL_DFSDM_FilterGetError	0	static
stm32f4xx_hal_dfsdm.c:3156:6:HAL_DFSDM_BitstreamClock_Start	0	static
stm32f4xx_hal_dfsdm.c:3172:6:HAL_DFSDM_BitstreamClock_Stop	0	static
stm32f4xx_hal_dfsdm.c:3190:6:HAL_DFSDM_DisableDelayClock	0	static
stm32f4xx_hal_dfsdm.c:3217:6:HAL_DFSDM_EnableDelayClock	0	static
stm32f4xx_hal_dfsdm.c:3237:6:HAL_DFSDM_ClockIn_SourceSelection	0	static
stm32f4xx_hal_dfsdm.c:3270:6:HAL_DFSDM_ClockOut_SourceSelection	0	static
stm32f4xx_hal_dfsdm.c:3303:6:HAL_DFSDM_DataIn0_SourceSelection	0	static
stm32f4xx_hal_dfsdm.c:3334:6:HAL_DFSDM_DataIn2_SourceSelection	0	static
stm32f4xx_hal_dfsdm.c:3363:6:HAL_DFSDM_DataIn4_SourceSelection	0	static
stm32f4xx_hal_dfsdm.c:3381:6:HAL_DFSDM_DataIn6_SourceSelection	0	static
stm32f4xx_hal_dfsdm.c:3411:6:HAL_DFSDM_BitStreamClkDistribution_Config	0	static
stm32f4xx_hal_dfsdm.c:3469:6:HAL_DFSDM_ConfigMultiChannelDelay	8	static
