stm32f4xx_hal_fmpi2c.c:4299:13:FMPI2C_Flush_TXDR	0	static
stm32f4xx_hal_fmpi2c.c:4419:13:FMPI2C_DMASlaveReceiveCplt	0	static
stm32f4xx_hal_fmpi2c.c:4716:13:FMPI2C_TransferConfig	12	static
stm32f4xx_hal_fmpi2c.c:4735:26:FMPI2C_Enable_IRQ	12	static
stm32f4xx_hal_fmpi2c.c:4808:26:FMPI2C_Disable_IRQ	0	static
stm32f4xx_hal_fmpi2c.c:4487:26:FMPI2C_WaitOnFlagUntilTimeout	24	static
stm32f4xx_hal_fmpi2c.c:4320:13:FMPI2C_DMAMasterTransmitCplt	8	static
stm32f4xx_hal_fmpi2c.c:4377:13:FMPI2C_DMAMasterReceiveCplt	8	static
stm32f4xx_hal_fmpi2c.c:4650:26:FMPI2C_IsAcknowledgeFailed	16	static
stm32f4xx_hal_fmpi2c.c:4587:26:FMPI2C_WaitOnRXNEFlagUntilTimeout	16	static
stm32f4xx_hal_fmpi2c.c:4516:26:FMPI2C_WaitOnTXISFlagUntilTimeout	16	static
stm32f4xx_hal_fmpi2c.c:3655:26:FMPI2C_RequestMemoryWrite	32	static
stm32f4xx_hal_fmpi2c.c:3722:26:FMPI2C_RequestMemoryRead	32	static
stm32f4xx_hal_fmpi2c.c:4362:13:FMPI2C_DMASlaveTransmitCplt	0	static
stm32f4xx_hal_fmpi2c.c:4553:26:FMPI2C_WaitOnSTOPFlagUntilTimeout	16	static
stm32f4xx_hal_fmpi2c.c:536:13:HAL_FMPI2C_MspInit	0	static
stm32f4xx_hal_fmpi2c.c:413:19:HAL_FMPI2C_Init	8	static
stm32f4xx_hal_fmpi2c.c:552:13:HAL_FMPI2C_MspDeInit	0	static
stm32f4xx_hal_fmpi2c.c:500:19:HAL_FMPI2C_DeInit	8	static
stm32f4xx_hal_fmpi2c.c:640:19:HAL_FMPI2C_Master_Transmit	40	static
stm32f4xx_hal_fmpi2c.c:764:19:HAL_FMPI2C_Master_Receive	40	static
stm32f4xx_hal_fmpi2c.c:887:19:HAL_FMPI2C_Slave_Transmit	40	static
stm32f4xx_hal_fmpi2c.c:1027:19:HAL_FMPI2C_Slave_Receive	40	static
stm32f4xx_hal_fmpi2c.c:1159:19:HAL_FMPI2C_Master_Transmit_IT	24	static
stm32f4xx_hal_fmpi2c.c:1228:19:HAL_FMPI2C_Master_Receive_IT	24	static
stm32f4xx_hal_fmpi2c.c:1295:19:HAL_FMPI2C_Slave_Transmit_IT	16	static
stm32f4xx_hal_fmpi2c.c:1344:19:HAL_FMPI2C_Slave_Receive_IT	16	static
stm32f4xx_hal_fmpi2c.c:1395:19:HAL_FMPI2C_Master_Transmit_DMA	32	static
stm32f4xx_hal_fmpi2c.c:1503:19:HAL_FMPI2C_Master_Receive_DMA	32	static
stm32f4xx_hal_fmpi2c.c:1608:19:HAL_FMPI2C_Slave_Transmit_DMA	16	static
stm32f4xx_hal_fmpi2c.c:1674:19:HAL_FMPI2C_Slave_Receive_DMA	16	static
stm32f4xx_hal_fmpi2c.c:1744:19:HAL_FMPI2C_Mem_Write	56	static
stm32f4xx_hal_fmpi2c.c:1897:19:HAL_FMPI2C_Mem_Read	56	static
stm32f4xx_hal_fmpi2c.c:2041:19:HAL_FMPI2C_Mem_Write_IT	40	static
stm32f4xx_hal_fmpi2c.c:2140:19:HAL_FMPI2C_Mem_Read_IT	40	static
stm32f4xx_hal_fmpi2c.c:2238:19:HAL_FMPI2C_Mem_Write_DMA	40	static
stm32f4xx_hal_fmpi2c.c:2354:19:HAL_FMPI2C_Mem_Read_DMA	40	static
stm32f4xx_hal_fmpi2c.c:2468:19:HAL_FMPI2C_IsDeviceReady	48	static
stm32f4xx_hal_fmpi2c.c:2588:19:HAL_FMPI2C_Master_Sequential_Transmit_IT	24	static
stm32f4xx_hal_fmpi2c.c:2661:19:HAL_FMPI2C_Master_Sequential_Receive_IT	24	static
stm32f4xx_hal_fmpi2c.c:2732:19:HAL_FMPI2C_Slave_Sequential_Transmit_IT	24	static
stm32f4xx_hal_fmpi2c.c:2806:19:HAL_FMPI2C_Slave_Sequential_Receive_IT	24	static
stm32f4xx_hal_fmpi2c.c:2876:19:HAL_FMPI2C_EnableListen_IT	8	static
stm32f4xx_hal_fmpi2c.c:2900:19:HAL_FMPI2C_DisableListen_IT	8	static
stm32f4xx_hal_fmpi2c.c:2933:19:HAL_FMPI2C_Master_Abort_IT	24	static
stm32f4xx_hal_fmpi2c.c:2983:6:HAL_FMPI2C_EV_IRQHandler	0	static
stm32f4xx_hal_fmpi2c.c:3047:13:HAL_FMPI2C_MasterTxCpltCallback	0	static
stm32f4xx_hal_fmpi2c.c:3063:13:HAL_FMPI2C_MasterRxCpltCallback	0	static
stm32f4xx_hal_fmpi2c.c:3866:13:FMPI2C_ITMasterSequentialCplt	16	static
stm32f4xx_hal_fmpi2c.c:3078:13:HAL_FMPI2C_SlaveTxCpltCallback	0	static
stm32f4xx_hal_fmpi2c.c:3094:13:HAL_FMPI2C_SlaveRxCpltCallback	0	static
stm32f4xx_hal_fmpi2c.c:3911:13:FMPI2C_ITSlaveSequentialCplt	16	static
stm32f4xx_hal_fmpi2c.c:3112:13:HAL_FMPI2C_AddrCallback	0	static
stm32f4xx_hal_fmpi2c.c:3130:13:HAL_FMPI2C_ListenCpltCallback	0	static
stm32f4xx_hal_fmpi2c.c:4153:13:FMPI2C_ITListenCplt	8	static
stm32f4xx_hal_fmpi2c.c:3146:13:HAL_FMPI2C_MemTxCpltCallback	0	static
stm32f4xx_hal_fmpi2c.c:3162:13:HAL_FMPI2C_MemRxCpltCallback	0	static
stm32f4xx_hal_fmpi2c.c:3178:13:HAL_FMPI2C_ErrorCallback	0	static
stm32f4xx_hal_fmpi2c.c:3194:13:HAL_FMPI2C_AbortCpltCallback	0	static
stm32f4xx_hal_fmpi2c.c:4197:13:FMPI2C_ITError	8	static
stm32f4xx_hal_fmpi2c.c:4047:13:FMPI2C_ITSlaveCplt	16	static
stm32f4xx_hal_fmpi2c.c:3398:26:FMPI2C_Slave_ISR_IT	32	static
stm32f4xx_hal_fmpi2c.c:3600:26:FMPI2C_Slave_ISR_DMA	8	static
stm32f4xx_hal_fmpi2c.c:3955:13:FMPI2C_ITMasterCplt	8	static
stm32f4xx_hal_fmpi2c.c:3277:26:FMPI2C_Master_ISR_IT	24	static
stm32f4xx_hal_fmpi2c.c:3511:26:FMPI2C_Master_ISR_DMA	16	static
stm32f4xx_hal_fmpi2c.c:4434:13:FMPI2C_DMAError	0	static
stm32f4xx_hal_fmpi2c.c:3002:6:HAL_FMPI2C_ER_IRQHandler	4	static
stm32f4xx_hal_fmpi2c.c:4451:13:FMPI2C_DMAAbort	8	static
stm32f4xx_hal_fmpi2c.c:3229:25:HAL_FMPI2C_GetState	0	static
stm32f4xx_hal_fmpi2c.c:3241:24:HAL_FMPI2C_GetMode	0	static
stm32f4xx_hal_fmpi2c.c:3252:10:HAL_FMPI2C_GetError	0	static
