hts221_reg.c:60:9:hts221_read_reg	4	static
hts221_reg.c:77:9:hts221_write_reg	4	static
hts221_reg.c:102:9:hts221_humidity_avg_set	24	static
hts221_reg.c:125:9:hts221_humidity_avg_get	16	static
hts221_reg.c:173:9:hts221_temperature_avg_set	24	static
hts221_reg.c:197:9:hts221_temperature_avg_get	16	static
hts221_reg.c:245:9:hts221_data_rate_set	24	static
hts221_reg.c:268:9:hts221_data_rate_get	16	static
hts221_reg.c:304:9:hts221_block_data_update_set	24	static
hts221_reg.c:327:9:hts221_block_data_update_get	16	static
hts221_reg.c:346:9:hts221_one_shoot_trigger_set	24	static
hts221_reg.c:370:9:hts221_one_shoot_trigger_get	16	static
hts221_reg.c:388:9:hts221_temp_data_ready_get	16	static
hts221_reg.c:406:9:hts221_hum_data_ready_get	16	static
hts221_reg.c:424:9:hts221_humidity_raw_get	0	static
hts221_reg.c:436:9:hts221_temperature_raw_get	0	static
hts221_reg.c:458:9:hts221_device_id_get	0	static
hts221_reg.c:470:9:hts221_power_on_set	24	static
hts221_reg.c:492:9:hts221_power_on_get	16	static
hts221_reg.c:510:9:hts221_heater_set	24	static
hts221_reg.c:533:9:hts221_heater_get	16	static
hts221_reg.c:552:9:hts221_boot_set	24	static
hts221_reg.c:576:9:hts221_boot_get	16	static
hts221_reg.c:594:9:hts221_status_get	0	static
hts221_reg.c:616:9:hts221_drdy_on_int_set	24	static
hts221_reg.c:639:9:hts221_drdy_on_int_get	16	static
hts221_reg.c:657:9:hts221_pin_mode_set	24	static
hts221_reg.c:680:9:hts221_pin_mode_get	16	static
hts221_reg.c:710:9:hts221_int_polarity_set	24	static
hts221_reg.c:733:9:hts221_int_polarity_get	16	static
hts221_reg.c:774:9:hts221_hum_rh_point_0_get	8	static
hts221_reg.c:791:9:hts221_hum_rh_point_1_get	8	static
hts221_reg.c:809:9:hts221_temp_deg_point_0_get	24	static
hts221_reg.c:836:9:hts221_temp_deg_point_1_get	24	static
hts221_reg.c:863:9:hts221_hum_adc_point_0_get	0	static
hts221_reg.c:876:9:hts221_hum_adc_point_1_get	0	static
hts221_reg.c:889:9:hts221_temp_adc_point_0_get	0	static
hts221_reg.c:902:9:hts221_temp_adc_point_1_get	0	static
