lsm6dsl.c:279:9:LSM6DSL_GetCapabilities	0	static
lsm6dsl.c:3106:16:ReadRegWrap	4	static
lsm6dsl.c:3121:16:WriteRegWrap	4	static
lsm6dsl.c:538:9:LSM6DSL_ACC_SetFullScale	8	static
lsm6dsl.c:174:9:LSM6DSL_Init	16	static
lsm6dsl.c:857:9:LSM6DSL_GYRO_SetFullScale	8	static
lsm6dsl.c:263:9:LSM6DSL_ReadID	8	static
lsm6dsl.c:401:9:LSM6DSL_ACC_GetOutputDataRate	16	static
lsm6dsl.c:357:9:LSM6DSL_ACC_GetSensitivity	16	static
lsm6dsl.c:495:9:LSM6DSL_ACC_GetFullScale	16	static
lsm6dsl.c:563:9:LSM6DSL_ACC_GetAxesRaw	16	static
lsm6dsl.c:587:9:LSM6DSL_ACC_GetAxes	32	static
lsm6dsl.c:720:9:LSM6DSL_GYRO_GetOutputDataRate	16	static
lsm6dsl.c:672:9:LSM6DSL_GYRO_GetSensitivity	16	static
lsm6dsl.c:810:9:LSM6DSL_GYRO_GetFullScale	16	static
lsm6dsl.c:881:9:LSM6DSL_GYRO_GetAxesRaw	16	static
lsm6dsl.c:905:9:LSM6DSL_GYRO_GetAxes	32	static
lsm6dsl.c:476:9:LSM6DSL_ACC_SetOutputDataRate	8	static
lsm6dsl.c:791:9:LSM6DSL_GYRO_SetOutputDataRate	8	static
lsm6dsl.c:302:9:LSM6DSL_ACC_Enable	8	static
lsm6dsl.c:617:9:LSM6DSL_GYRO_Enable	8	static
lsm6dsl.c:326:9:LSM6DSL_ACC_Disable	16	static
lsm6dsl.c:641:9:LSM6DSL_GYRO_Disable	16	static
lsm6dsl.c:235:9:LSM6DSL_DeInit	8	static
lsm6dsl.c:937:9:LSM6DSL_Read_Reg	8	static
lsm6dsl.c:954:9:LSM6DSL_Write_Reg	16	static
lsm6dsl.c:117:9:LSM6DSL_RegisterBusIO	8	static
lsm6dsl.c:970:9:LSM6DSL_Set_Interrupt_Latch	8	static
lsm6dsl.c:991:9:LSM6DSL_ACC_Enable_Free_Fall_Detection	24	static
lsm6dsl.c:1083:9:LSM6DSL_ACC_Disable_Free_Fall_Detection	16	static
lsm6dsl.c:1134:9:LSM6DSL_ACC_Set_Free_Fall_Threshold	8	static
lsm6dsl.c:1150:9:LSM6DSL_ACC_Set_Free_Fall_Duration	8	static
lsm6dsl.c:1165:9:LSM6DSL_ACC_Enable_Pedometer	16	static
lsm6dsl.c:1214:9:LSM6DSL_ACC_Disable_Pedometer	16	static
lsm6dsl.c:1252:9:LSM6DSL_ACC_Get_Step_Count	8	static
lsm6dsl.c:1267:9:LSM6DSL_ACC_Enable_Step_Counter_Reset	8	static
lsm6dsl.c:1282:9:LSM6DSL_ACC_Disable_Step_Counter_Reset	8	static
lsm6dsl.c:1298:9:LSM6DSL_ACC_Set_Pedometer_Threshold	8	static
lsm6dsl.c:1314:9:LSM6DSL_ACC_Enable_Tilt_Detection	24	static
lsm6dsl.c:1382:9:LSM6DSL_ACC_Disable_Tilt_Detection	16	static
lsm6dsl.c:1427:9:LSM6DSL_ACC_Enable_Wake_Up_Detection	24	static
lsm6dsl.c:1501:9:LSM6DSL_ACC_Disable_Wake_Up_Detection	16	static
lsm6dsl.c:1552:9:LSM6DSL_ACC_Set_Wake_Up_Threshold	8	static
lsm6dsl.c:1569:9:LSM6DSL_ACC_Set_Wake_Up_Duration	8	static
lsm6dsl.c:1586:9:LSM6DSL_ACC_Enable_Inactivity_Detection	24	static
lsm6dsl.c:1656:9:LSM6DSL_ACC_Disable_Inactivity_Detection	16	static
lsm6dsl.c:1713:9:LSM6DSL_ACC_Set_Sleep_Duration	8	static
lsm6dsl.c:1730:9:LSM6DSL_ACC_Enable_Single_Tap_Detection	24	static
lsm6dsl.c:1832:9:LSM6DSL_ACC_Disable_Single_Tap_Detection	16	static
lsm6dsl.c:1907:9:LSM6DSL_ACC_Enable_Double_Tap_Detection	24	static
lsm6dsl.c:2017:9:LSM6DSL_ACC_Disable_Double_Tap_Detection	16	static
lsm6dsl.c:2104:9:LSM6DSL_ACC_Set_Tap_Threshold	8	static
lsm6dsl.c:2121:9:LSM6DSL_ACC_Set_Tap_Shock_Time	8	static
lsm6dsl.c:2138:9:LSM6DSL_ACC_Set_Tap_Quiet_Time	8	static
lsm6dsl.c:2155:9:LSM6DSL_ACC_Set_Tap_Duration_Time	8	static
lsm6dsl.c:2172:9:LSM6DSL_ACC_Enable_6D_Orientation	24	static
lsm6dsl.c:2240:9:LSM6DSL_ACC_Disable_6D_Orientation	16	static
lsm6dsl.c:2285:9:LSM6DSL_ACC_Set_6D_Orientation_Threshold	8	static
lsm6dsl.c:2301:9:LSM6DSL_ACC_Get_6D_Orientation_XL	16	static
lsm6dsl.c:2321:9:LSM6DSL_ACC_Get_6D_Orientation_XH	16	static
lsm6dsl.c:2341:9:LSM6DSL_ACC_Get_6D_Orientation_YL	16	static
lsm6dsl.c:2361:9:LSM6DSL_ACC_Get_6D_Orientation_YH	16	static
lsm6dsl.c:2381:9:LSM6DSL_ACC_Get_6D_Orientation_ZL	16	static
lsm6dsl.c:2401:9:LSM6DSL_ACC_Get_6D_Orientation_ZH	16	static
lsm6dsl.c:2421:9:LSM6DSL_ACC_Get_Event_Status	48	static
lsm6dsl.c:2541:9:LSM6DSL_ACC_Set_SelfTest	8	static
lsm6dsl.c:2564:9:LSM6DSL_ACC_Get_DRDY_Status	8	static
lsm6dsl.c:2580:9:LSM6DSL_ACC_Get_Init_Status	0	static
lsm6dsl.c:2598:9:LSM6DSL_GYRO_Set_SelfTest	8	static
lsm6dsl.c:2622:9:LSM6DSL_GYRO_Get_DRDY_Status	8	static
lsm6dsl.c:2638:9:LSM6DSL_GYRO_Get_Init_Status	0	static
lsm6dsl.c:2656:9:LSM6DSL_FIFO_Get_Num_Samples	8	static
lsm6dsl.c:2672:9:LSM6DSL_FIFO_Get_Full_Status	16	static
lsm6dsl.c:2692:9:LSM6DSL_FIFO_Set_ODR_Value	8	static
lsm6dsl.c:2721:9:LSM6DSL_FIFO_Set_INT1_FIFO_Full	24	static
lsm6dsl.c:2746:9:LSM6DSL_FIFO_Set_Watermark_Level	8	static
lsm6dsl.c:2762:9:LSM6DSL_FIFO_Set_Stop_On_Fth	8	static
lsm6dsl.c:2778:9:LSM6DSL_FIFO_Set_Mode	8	static
lsm6dsl.c:2816:9:LSM6DSL_FIFO_Get_Pattern	8	static
lsm6dsl.c:2832:9:LSM6DSL_FIFO_Get_Data	8	static
lsm6dsl.c:2848:9:LSM6DSL_FIFO_ACC_Set_Decimation	8	static
lsm6dsl.c:2889:9:LSM6DSL_FIFO_ACC_Get_Axis	24	static
lsm6dsl.c:2920:9:LSM6DSL_FIFO_GYRO_Set_Decimation	8	static
lsm6dsl.c:2961:9:LSM6DSL_FIFO_GYRO_Get_Axis	24	static
