32f413hdiscovery_bus.c:150:9:BSP_I2C1_DeInit	8	static
32f413hdiscovery_bus.c:169:9:BSP_I2C1_IsReady	8	static
32f413hdiscovery_bus.c:180:9:BSP_I2C1_WriteReg	24	static
32f413hdiscovery_bus.c:199:10:BSP_I2C1_ReadReg	24	static
32f413hdiscovery_bus.c:219:9:BSP_I2C1_WriteReg16	24	static
32f413hdiscovery_bus.c:238:10:BSP_I2C1_ReadReg16	24	static
32f413hdiscovery_bus.c:258:9:BSP_I2C1_Send	16	static
32f413hdiscovery_bus.c:275:9:BSP_I2C1_Recv	16	static
32f413hdiscovery_bus.c:293:9:BSP_I2C1_SendRecv	24	static
32f413hdiscovery_bus.c:367:9:BSP_GetTick	0	static
32f413hdiscovery_bus.c:373:26:MX_I2C1_Init	8	static
32f413hdiscovery_bus.c:106:9:BSP_I2C1_Init	40	static
