bsp_motion_sensors_ex.c:50:9:BSP_MOTION_SENSOR_Enable_6D_Orientation	8	static
bsp_motion_sensors_ex.c:94:9:BSP_MOTION_SENSOR_Disable_6D_Orientation	8	static
bsp_motion_sensors_ex.c:139:9:BSP_MOTION_SENSOR_Set_6D_Orientation_Threshold	8	static
bsp_motion_sensors_ex.c:185:9:BSP_MOTION_SENSOR_Enable_Free_Fall_Detection	8	static
bsp_motion_sensors_ex.c:229:9:BSP_MOTION_SENSOR_Disable_Free_Fall_Detection	8	static
bsp_motion_sensors_ex.c:274:9:BSP_MOTION_SENSOR_Set_Free_Fall_Threshold	8	static
bsp_motion_sensors_ex.c:319:9:BSP_MOTION_SENSOR_Set_Free_Fall_Duration	8	static
bsp_motion_sensors_ex.c:364:9:BSP_MOTION_SENSOR_Enable_Pedometer	8	static
bsp_motion_sensors_ex.c:408:9:BSP_MOTION_SENSOR_Disable_Pedometer	8	static
bsp_motion_sensors_ex.c:453:9:BSP_MOTION_SENSOR_Set_Pedometer_Threshold	8	static
bsp_motion_sensors_ex.c:498:9:BSP_MOTION_SENSOR_Reset_Step_Counter	8	static
bsp_motion_sensors_ex.c:544:9:BSP_MOTION_SENSOR_Enable_Single_Tap_Detection	8	static
bsp_motion_sensors_ex.c:588:9:BSP_MOTION_SENSOR_Disable_Single_Tap_Detection	8	static
bsp_motion_sensors_ex.c:634:9:BSP_MOTION_SENSOR_Enable_Double_Tap_Detection	8	static
bsp_motion_sensors_ex.c:678:9:BSP_MOTION_SENSOR_Disable_Double_Tap_Detection	8	static
bsp_motion_sensors_ex.c:723:9:BSP_MOTION_SENSOR_Set_Tap_Threshold	8	static
bsp_motion_sensors_ex.c:768:9:BSP_MOTION_SENSOR_Set_Tap_Shock_Time	8	static
bsp_motion_sensors_ex.c:813:9:BSP_MOTION_SENSOR_Set_Tap_Quiet_Time	8	static
bsp_motion_sensors_ex.c:858:9:BSP_MOTION_SENSOR_Set_Tap_Duration_Time	8	static
bsp_motion_sensors_ex.c:904:9:BSP_MOTION_SENSOR_Enable_Tilt_Detection	8	static
bsp_motion_sensors_ex.c:948:9:BSP_MOTION_SENSOR_Disable_Tilt_Detection	8	static
bsp_motion_sensors_ex.c:994:9:BSP_MOTION_SENSOR_Enable_Wake_Up_Detection	8	static
bsp_motion_sensors_ex.c:1038:9:BSP_MOTION_SENSOR_Disable_Wake_Up_Detection	8	static
bsp_motion_sensors_ex.c:1083:9:BSP_MOTION_SENSOR_Set_Wake_Up_Threshold	8	static
bsp_motion_sensors_ex.c:1128:9:BSP_MOTION_SENSOR_Set_Wake_Up_Duration	8	static
bsp_motion_sensors_ex.c:1173:9:BSP_MOTION_SENSOR_Enable_Inactivity_Detection	8	static
bsp_motion_sensors_ex.c:1217:9:BSP_MOTION_SENSOR_Disable_Inactivity_Detection	8	static
bsp_motion_sensors_ex.c:1262:9:BSP_MOTION_SENSOR_Set_Sleep_Duration	8	static
bsp_motion_sensors_ex.c:1307:9:BSP_MOTION_SENSOR_Get_Event_Status	8	static
bsp_motion_sensors_ex.c:1357:9:BSP_MOTION_SENSOR_Get_DRDY_Status	8	static
bsp_motion_sensors_ex.c:1434:9:BSP_MOTION_SENSOR_Get_6D_Orientation_XL	8	static
bsp_motion_sensors_ex.c:1479:9:BSP_MOTION_SENSOR_Get_6D_Orientation_XH	8	static
bsp_motion_sensors_ex.c:1524:9:BSP_MOTION_SENSOR_Get_6D_Orientation_YL	8	static
bsp_motion_sensors_ex.c:1569:9:BSP_MOTION_SENSOR_Get_6D_Orientation_YH	8	static
bsp_motion_sensors_ex.c:1614:9:BSP_MOTION_SENSOR_Get_6D_Orientation_ZL	8	static
bsp_motion_sensors_ex.c:1659:9:BSP_MOTION_SENSOR_Get_6D_Orientation_ZH	8	static
bsp_motion_sensors_ex.c:1704:9:BSP_MOTION_SENSOR_Get_Step_Count	8	static
bsp_motion_sensors_ex.c:1750:9:BSP_MOTION_SENSOR_Read_Register	8	static
bsp_motion_sensors_ex.c:1810:9:BSP_MOTION_SENSOR_Write_Register	8	static
bsp_motion_sensors_ex.c:1869:9:BSP_MOTION_SENSOR_FIFO_Get_Num_Samples	8	static
bsp_motion_sensors_ex.c:1914:9:BSP_MOTION_SENSOR_FIFO_Get_Full_Status	8	static
bsp_motion_sensors_ex.c:1961:9:BSP_MOTION_SENSOR_FIFO_Set_Decimation	8	static
bsp_motion_sensors_ex.c:2024:9:BSP_MOTION_SENSOR_FIFO_Set_ODR_Value	8	static
bsp_motion_sensors_ex.c:2069:9:BSP_MOTION_SENSOR_FIFO_Set_INT1_FIFO_Full	8	static
bsp_motion_sensors_ex.c:2114:9:BSP_MOTION_SENSOR_FIFO_Set_Watermark_Level	8	static
bsp_motion_sensors_ex.c:2159:9:BSP_MOTION_SENSOR_FIFO_Set_Stop_On_Fth	8	static
bsp_motion_sensors_ex.c:2204:9:BSP_MOTION_SENSOR_FIFO_Set_Mode	8	static
bsp_motion_sensors_ex.c:2249:9:BSP_MOTION_SENSOR_FIFO_Get_Pattern	8	static
bsp_motion_sensors_ex.c:2296:9:BSP_MOTION_SENSOR_FIFO_Get_Axis	8	static
bsp_motion_sensors_ex.c:2361:9:BSP_MOTION_SENSOR_Set_SelfTest	8	static
