stm32f4xx_hal_msp.c:94:6:HAL_MspInit	8	static
stm32f4xx_hal_msp.c:116:6:HAL_ADC_MspInit	56	static
stm32f4xx_hal_msp.c:168:6:HAL_ADC_MspDeInit	8	static
stm32f4xx_hal_msp.c:206:6:HAL_DAC_MspInit	40	static
stm32f4xx_hal_msp.c:241:6:HAL_DAC_MspDeInit	0	static
stm32f4xx_hal_msp.c:272:6:HAL_DFSDM_ChannelMspInit	72	static
stm32f4xx_hal_msp.c:361:6:HAL_DFSDM_ChannelMspDeInit	8	static
stm32f4xx_hal_msp.c:424:6:HAL_FMPI2C_MspInit	48	static
stm32f4xx_hal_msp.c:462:6:HAL_FMPI2C_MspDeInit	0	static
stm32f4xx_hal_msp.c:492:6:HAL_I2C_MspInit	48	static
stm32f4xx_hal_msp.c:530:6:HAL_I2C_MspDeInit	0	static
stm32f4xx_hal_msp.c:560:6:HAL_QSPI_MspInit	80	static
stm32f4xx_hal_msp.c:634:6:HAL_QSPI_MspDeInit	8	static
stm32f4xx_hal_msp.c:676:6:HAL_SD_MspInit	56	static
stm32f4xx_hal_msp.c:727:6:HAL_SD_MspDeInit	8	static
stm32f4xx_hal_msp.c:764:6:HAL_UART_MspInit	48	static
stm32f4xx_hal_msp.c:826:6:HAL_UART_MspDeInit	0	static
stm32f4xx_hal_msp.c:964:6:HAL_SRAM_MspInit	48	static
stm32f4xx_hal_msp.c:1049:6:HAL_SRAM_MspDeInit	8	static
